[INFO] Scanning for projects...
[INFO] 
[INFO] ----------------------< com.pred:api-automation >-----------------------
[INFO] Building API Automation (RestAssured) 1.0.0-SNAPSHOT
[INFO]   from pom.xml
[INFO] --------------------------------[ jar ]---------------------------------
[INFO] 
[INFO] --- resources:3.3.1:resources (default-resources) @ api-automation ---
[INFO] skip non existing resourceDirectory /Users/abhishekmishra/api-automation/src/main/resources
[INFO] 
[INFO] --- compiler:3.13.0:compile (default-compile) @ api-automation ---
[INFO] Nothing to compile - all classes are up to date.
[INFO] 
[INFO] --- resources:3.3.1:testResources (default-testResources) @ api-automation ---
[INFO] Copying 4 resources from src/test/resources to target/test-classes
[INFO] 
[INFO] --- compiler:3.13.0:testCompile (default-testCompile) @ api-automation ---
[INFO] Nothing to compile - all classes are up to date.
[INFO] 
[INFO] --- surefire:3.2.5:test (default-test) @ api-automation ---
[INFO] Using auto detected provider org.apache.maven.surefire.testng.TestNGProvider
[INFO] 
[INFO] -------------------------------------------------------
[INFO]  T E S T S
[INFO] -------------------------------------------------------
[INFO] Running TestSuite
05:01:29.475 [main] DEBUG org.testng.TestNG -- suiteXmlPath: "/Users/abhishekmishra/api-automation/src/test/resources/suite.xml"
05:01:29.690 [main] INFO com.pred.apitests.listeners.TestListener -- Test started: configLoads
05:01:29.707 [main] INFO com.pred.apitests.listeners.TestListener -- Test passed: configLoads
05:01:29.829 [main] INFO com.pred.apitests.listeners.TestListener -- Test started: createApiKey_returns200AndKey
05:01:29.995 [main] DEBUG com.pred.apitests.filters.LoggingFilter -- Request: POST http://api-internal.uat-frankfurt.pred.app
05:01:29.995 [main] DEBUG com.pred.apitests.filters.LoggingFilter --   Header: Accept: application/json, application/javascript, text/javascript, text/json
05:01:29.995 [main] DEBUG com.pred.apitests.filters.LoggingFilter --   Header: Content-Type: application/json
05:01:29.995 [main] DEBUG com.pred.apitests.filters.LoggingFilter --   Body: {}
05:01:30.507 [main] DEBUG com.pred.apitests.filters.LoggingFilter -- Response: status=200
05:01:30.511 [main] DEBUG com.pred.apitests.filters.LoggingFilter --   Body: {"data":{"data":{"api_key":"52e00aa6-e5ca-40c9-8dd6-955259d37306-ad3e8c35-dac7-426b-8cb2-2c1aea1cf169","api_key_id":490,"created_at":"2026-03-06T23:31:30Z"}}}
05:01:30.517 [main] INFO com.pred.apitests.listeners.TestListener -- Test passed: createApiKey_returns200AndKey
05:01:30.521 [main] INFO com.pred.apitests.listeners.TestListener -- Test started: loginWithInvalidBody_returns4xx
05:01:30.523 [main] DEBUG com.pred.apitests.filters.LoggingFilter -- Request: POST http://api-internal.uat-frankfurt.pred.app
05:01:30.523 [main] DEBUG com.pred.apitests.filters.LoggingFilter --   Header: Accept: application/json, application/javascript, text/javascript, text/json
05:01:30.523 [main] DEBUG com.pred.apitests.filters.LoggingFilter --   Header: Content-Type: application/json
05:01:30.523 [main] DEBUG com.pred.apitests.filters.LoggingFilter --   Body: {}
05:01:30.848 [main] DEBUG com.pred.apitests.filters.LoggingFilter -- Response: status=200
05:01:30.849 [main] DEBUG com.pred.apitests.filters.LoggingFilter --   Body: {"data":{"data":{"api_key":"9d2bf605-a284-4f01-af25-a4794412bf8a-a21b2486-0a80-41bf-bf98-3ac243b513dd","api_key_id":491,"created_at":"2026-03-06T23:31:30Z"}}}
05:01:31.080 [main] DEBUG com.pred.apitests.filters.LoggingFilter -- Request: POST https://uat-frankfurt.pred.app
05:01:31.080 [main] DEBUG com.pred.apitests.filters.LoggingFilter --   Header: Accept: application/json, application/javascript, text/javascript, text/json
05:01:31.080 [main] DEBUG com.pred.apitests.filters.LoggingFilter --   Header: X-API-Key: ****
05:01:31.080 [main] DEBUG com.pred.apitests.filters.LoggingFilter --   Header: Content-Type: application/json
05:01:31.080 [main] DEBUG com.pred.apitests.filters.LoggingFilter --   Body: {"data":{}}
05:01:31.739 [main] DEBUG com.pred.apitests.filters.LoggingFilter -- Response: status=400
05:01:31.739 [main] DEBUG com.pred.apitests.filters.LoggingFilter --   Body: {"error":{"status_code":400,"error_code":"BAD_REQUEST","message":"Key: 'SignatureLoginRequest.Data.WalletAddress' Error:Field validation for 'WalletAddress' failed on the 'required' tag\nKey: 'SignatureLoginRequest.Data.Signature' Error:Field validation for 'Signature' failed on the 'required' tag\nKey: 'SignatureLoginRequest.Data.Message' Error:Field validation for 'Message' failed on the 'required' tag\nKey: 'SignatureLoginRequest.Data.Nonce' Error:Field validation for 'Nonce' failed on the 'r...
05:01:31.741 [main] INFO com.pred.apitests.listeners.TestListener -- Test passed: loginWithInvalidBody_returns4xx
05:01:31.760 [main] DEBUG com.pred.apitests.filters.LoggingFilter -- Request: POST http://api-internal.uat-frankfurt.pred.app
05:01:31.760 [main] DEBUG com.pred.apitests.filters.LoggingFilter --   Header: Accept: application/json, application/javascript, text/javascript, text/json
05:01:31.760 [main] DEBUG com.pred.apitests.filters.LoggingFilter --   Header: Content-Type: application/json
05:01:31.760 [main] DEBUG com.pred.apitests.filters.LoggingFilter --   Body: {}
05:01:32.089 [main] DEBUG com.pred.apitests.filters.LoggingFilter -- Response: status=200
05:01:32.090 [main] DEBUG com.pred.apitests.filters.LoggingFilter --   Body: {"data":{"data":{"api_key":"625dca0b-bd4f-442b-8890-72fd74507cbe-5bc27d5d-7179-48e0-8874-60ad242970cb","api_key_id":492,"created_at":"2026-03-06T23:31:32Z"}}}
05:01:32.110 [main] DEBUG com.pred.apitests.filters.LoggingFilter -- Request: POST http://localhost:5050
05:01:32.111 [main] DEBUG com.pred.apitests.filters.LoggingFilter --   Header: Accept: application/json, application/javascript, text/javascript, text/json
05:01:32.111 [main] DEBUG com.pred.apitests.filters.LoggingFilter --   Header: Content-Type: application/json
05:01:32.111 [main] DEBUG com.pred.apitests.filters.LoggingFilter --   Body: {"privateKey":"****"}
05:01:32.139 [main] DEBUG com.pred.apitests.filters.LoggingFilter -- Response: status=200
05:01:32.139 [main] DEBUG com.pred.apitests.filters.LoggingFilter --   Body: {"ok":true,"wallet_address":"0x0d248E2d6cD3E815d64274d5B3F37771588285B6","signature":"0x05d35e0e1f13e06e417122b56c038aa2be90ca9d776795c75630a6b88da7c11143c329415360bd2126ec7372c08be62240de2a1db5bbf7f0eee86ee4bba6fd381c","private_key":"0xa3b24ffc08573b8f077a111b9cc62da8d4111a9259fdf52a3e87a97a57435f67"}
05:01:32.157 [main] DEBUG com.pred.apitests.filters.LoggingFilter -- Request: POST https://uat-frankfurt.pred.app
05:01:32.157 [main] DEBUG com.pred.apitests.filters.LoggingFilter --   Header: Accept: application/json, application/javascript, text/javascript, text/json
05:01:32.157 [main] DEBUG com.pred.apitests.filters.LoggingFilter --   Header: X-API-Key: ****
05:01:32.157 [main] DEBUG com.pred.apitests.filters.LoggingFilter --   Header: Content-Type: application/json
05:01:32.158 [main] DEBUG com.pred.apitests.filters.LoggingFilter --   Body: {"data":{"wallet_address":"0x0d248E2d6cD3E815d64274d5B3F37771588285B6","signature":"****","message":"Sign in to PRED Trading Platform","nonce":"nonce-1772839892154-1772839892","chain_type":"base-sepolia","timestamp":1772839892}}
05:01:32.801 [main] DEBUG com.pred.apitests.filters.LoggingFilter -- Response: status=200
05:01:32.801 [main] DEBUG com.pred.apitests.filters.LoggingFilter --   Body: {"data":{"access_token":"eyJhbGciOiJSUzI1NiIsImtpZCI6InVhdC1rZXktMiIsInR5cCI6IkpXVCJ9.eyJ1c2VyX2lkIjoiZTg1Mzc5YmQtMmQxNy00MTQwLTlmNWQtNGFiNjhlYjg0N2RkIiwidG9rZW5fdHlwZSI6ImFjY2VzcyIsInNlc3Npb25faWQiOiIwMjhkMDU4MC1jMTU4LTQxMWMtYmMwZS0wNGY4OWZhZTMzOGMiLCJyb2xlIjoiTUFSS0VUX01BS0VSIiwiaXNfZW5hYmxlZF90cmFkaW5nIjp0cnVlLCJpc3MiOiJodHRwczovL3VhdC1mcmFua2Z1cnQucHJlZC5hcHAvYXV0aCIsInN1YiI6ImU4NTM3OWJkLTJkMTctNDE0MC05ZjVkLTRhYjY4ZWI4NDdkZCIsImF1ZCI6WyJhdXRoIl0sImV4cCI6MTc3Mjg0MzQ5MiwibmJmIjoxNzcyODM5ODkyLC...
05:01:32.815 [main] INFO com.pred.apitests.test.AuthFlowTest -- Login success. userId=e85379bd-2d17-4140-9f5d-4ab68eb847dd proxy=0x54c7d8B0808357486Ef6bddE7475e06146B3fa90
05:01:32.817 [main] INFO com.pred.apitests.listeners.TestListener -- Test started: loginWithInvalidSignature_returns4xx
05:01:32.819 [main] DEBUG com.pred.apitests.filters.LoggingFilter -- Request: POST https://uat-frankfurt.pred.app
05:01:32.819 [main] DEBUG com.pred.apitests.filters.LoggingFilter --   Header: Accept: application/json, application/javascript, text/javascript, text/json
05:01:32.819 [main] DEBUG com.pred.apitests.filters.LoggingFilter --   Header: X-API-Key: ****
05:01:32.819 [main] DEBUG com.pred.apitests.filters.LoggingFilter --   Header: Content-Type: application/json
05:01:32.819 [main] DEBUG com.pred.apitests.filters.LoggingFilter --   Body: {"data":{"wallet_address":"0x0000000000000000000000000000000000000000","signature":"****","message":"Sign in to PRED Trading Platform","nonce":"nonce-1772839892817","chain_type":"base-sepolia","timestamp":1772839892}}
05:01:33.299 [main] DEBUG com.pred.apitests.filters.LoggingFilter -- Response: status=401
05:01:33.299 [main] DEBUG com.pred.apitests.filters.LoggingFilter --   Body: {"error":{"status_code":401,"error_code":"SIGNATURE_LOGIN_FAILED","message":"signature must be exactly 130 characters (65 bytes), got 6 characters"}}
05:01:33.299 [main] INFO com.pred.apitests.listeners.TestListener -- Test passed: loginWithInvalidSignature_returns4xx
05:01:33.301 [main] INFO com.pred.apitests.listeners.TestListener -- Test started: printAccessTokenForPostman
ACCESS_TOKEN_FOR_POSTMAN: eyJhbGciOiJSUzI1NiIsImtpZCI6InVhdC1rZXktMiIsInR5cCI6IkpXVCJ9.eyJ1c2VyX2lkIjoiZTg1Mzc5YmQtMmQxNy00MTQwLTlmNWQtNGFiNjhlYjg0N2RkIiwidG9rZW5fdHlwZSI6ImFjY2VzcyIsInNlc3Npb25faWQiOiIwMjhkMDU4MC1jMTU4LTQxMWMtYmMwZS0wNGY4OWZhZTMzOGMiLCJyb2xlIjoiTUFSS0VUX01BS0VSIiwiaXNfZW5hYmxlZF90cmFkaW5nIjp0cnVlLCJpc3MiOiJodHRwczovL3VhdC1mcmFua2Z1cnQucHJlZC5hcHAvYXV0aCIsInN1YiI6ImU4NTM3OWJkLTJkMTctNDE0MC05ZjVkLTRhYjY4ZWI4NDdkZCIsImF1ZCI6WyJhdXRoIl0sImV4cCI6MTc3Mjg0MzQ5MiwibmJmIjoxNzcyODM5ODkyLCJpYXQiOjE3NzI4Mzk4OTJ9.YObNohlfyimz8oU9FbYmfwPh6hf9tpDX_oqQT8xUbKCD5WrA0QGiyMXPZQdabSLwf8lJxSFmcrUEWNyainuNg-EQl2X5PceM6zhRwM9VEP8D5Puk0NirAv9hRg4ZwyOQhioyHCJwfMPnTaIZQURP4ThL8zRNiJXW0R-G9MBY8gGj7gkGqfWbZlnbrb141TuLHyRRIrQ7BOa5dViy84UPyFId2DhT3qAYGo_bDl4vqI1WKuWoOh-JfbxuNp2MsivJCZbS5_MDoF5w6aQSBTbWgmZm-Um4b5joXkcLa26hNUjZv9Brgqle8yCWk1PChQuYF0Gu45cZYV8gGOdVDF0wLg
05:01:33.301 [main] INFO com.pred.apitests.listeners.TestListener -- Test passed: printAccessTokenForPostman
05:01:33.302 [main] INFO com.pred.apitests.listeners.TestListener -- Test started: verifyTokenStored
05:01:33.302 [main] INFO com.pred.apitests.listeners.TestListener -- Test passed: verifyTokenStored
05:01:33.305 [main] INFO com.pred.apitests.listeners.TestListener -- Test started: enableTrading_success
05:01:33.307 [main] DEBUG com.pred.apitests.filters.LoggingFilter -- Request: POST https://uat-frankfurt.pred.app
05:01:33.307 [main] DEBUG com.pred.apitests.filters.LoggingFilter --   Header: Accept: application/json, application/javascript, text/javascript, text/json
05:01:33.307 [main] DEBUG com.pred.apitests.filters.LoggingFilter --   Header: Authorization: ****
05:01:33.307 [main] DEBUG com.pred.apitests.filters.LoggingFilter --   Header: Cookie: refresh_token=eyJhbGciOiJSUzI1NiIsInR5cCI6IkpXVCJ9.eyJ1c2VyX2lkIjoiZTg1Mzc5YmQtMmQxNy00MTQwLTlmNWQtNGFiNjhlYjg0N2RkIiwidG9rZW5fdHlwZSI6InJlZnJlc2giLCJvcmlnaW5hbF9jcmVhdGVkX2F0IjoxNzcyODM5ODkyNzQzLCJsYXRlc3RfYWN0aXZpdHlfYXQiOjE3NzI4Mzk4OTI3NDMsInNlc3Npb25faWQiOiIwMjhkMDU4MC1jMTU4LTQxMWMtYmMwZS0wNGY4OWZhZTMzOGMiLCJyb2xlIjoiTUFSS0VUX01BS0VSIiwiaXNzIjoiaHR0cHM6Ly91YXQtZnJhbmtmdXJ0LnByZWQuYXBwL2F1dGgiLCJzdWIiOiJlODUzNzliZC0yZDE3LTQxNDAtOWY1ZC00YWI2OGViODQ3ZGQiLCJhdWQiOlsiYXV0aCJdLCJleHAiOjE4MDQzNzU4OTIsIm5iZiI6MTc3MjgzOTg5MiwiaWF0IjoxNzcyODM5ODkyfQ.gYz1TdCWohZNtO4QLr9qEfgVuK4e6dvbhb9B9TyBgN2Uh0Fl8sDpzMJJauAVZ9tjL3jOPc1uifDcnF-3qakYrgXaXjTaK1aUvNDUOxBWcgE9PkuLLxWQXaaQd6crmIIAduwJMJ_PdMz81rlj-ny4y8FBg6gjn3gkAdjbceNg_unygOgx3BRfRVbnhATd7jzBcOeLkkdYrpZg8HOH-NaNBfjA7qt9Um8IcO__i5Ejbuwn7dTnSfinFjOTIWkCacISxmxe8jnKHX1tmuOUYNC3TDoHLAUHFaQsKbQIOOK6fY4KY0e2F0kzAEzvUa3uypG5jIpymIpsBsXmsYe-1NwXsw
05:01:33.307 [main] DEBUG com.pred.apitests.filters.LoggingFilter --   Header: Content-Type: application/json
05:01:33.307 [main] DEBUG com.pred.apitests.filters.LoggingFilter --   Body: {"proxy_wallet_address":"0x54c7d8B0808357486Ef6bddE7475e06146B3fa90"}
05:01:33.814 [main] DEBUG com.pred.apitests.filters.LoggingFilter -- Response: status=500
05:01:33.814 [main] DEBUG com.pred.apitests.filters.LoggingFilter --   Body: {"error":{"status_code":500,"error_code":"INTERNAL_SERVER_ERROR","message":"trading is already enabled for this user"}}
05:01:33.815 [main] INFO com.pred.apitests.listeners.TestListener -- Test skipped: enableTrading_success
05:01:33.822 [main] INFO com.pred.apitests.listeners.TestListener -- Test started: depositFunds
05:01:33.825 [main] DEBUG com.pred.apitests.filters.LoggingFilter -- Request: GET https://uat-frankfurt.pred.app
05:01:33.825 [main] DEBUG com.pred.apitests.filters.LoggingFilter --   Header: Accept: application/json, application/javascript, text/javascript, text/json
05:01:33.825 [main] DEBUG com.pred.apitests.filters.LoggingFilter --   Header: Authorization: ****
05:01:33.825 [main] DEBUG com.pred.apitests.filters.LoggingFilter --   Header: Cookie: refresh_token=eyJhbGciOiJSUzI1NiIsInR5cCI6IkpXVCJ9.eyJ1c2VyX2lkIjoiZTg1Mzc5YmQtMmQxNy00MTQwLTlmNWQtNGFiNjhlYjg0N2RkIiwidG9rZW5fdHlwZSI6InJlZnJlc2giLCJvcmlnaW5hbF9jcmVhdGVkX2F0IjoxNzcyODM5ODkyNzQzLCJsYXRlc3RfYWN0aXZpdHlfYXQiOjE3NzI4Mzk4OTI3NDMsInNlc3Npb25faWQiOiIwMjhkMDU4MC1jMTU4LTQxMWMtYmMwZS0wNGY4OWZhZTMzOGMiLCJyb2xlIjoiTUFSS0VUX01BS0VSIiwiaXNzIjoiaHR0cHM6Ly91YXQtZnJhbmtmdXJ0LnByZWQuYXBwL2F1dGgiLCJzdWIiOiJlODUzNzliZC0yZDE3LTQxNDAtOWY1ZC00YWI2OGViODQ3ZGQiLCJhdWQiOlsiYXV0aCJdLCJleHAiOjE4MDQzNzU4OTIsIm5iZiI6MTc3MjgzOTg5MiwiaWF0IjoxNzcyODM5ODkyfQ.gYz1TdCWohZNtO4QLr9qEfgVuK4e6dvbhb9B9TyBgN2Uh0Fl8sDpzMJJauAVZ9tjL3jOPc1uifDcnF-3qakYrgXaXjTaK1aUvNDUOxBWcgE9PkuLLxWQXaaQd6crmIIAduwJMJ_PdMz81rlj-ny4y8FBg6gjn3gkAdjbceNg_unygOgx3BRfRVbnhATd7jzBcOeLkkdYrpZg8HOH-NaNBfjA7qt9Um8IcO__i5Ejbuwn7dTnSfinFjOTIWkCacISxmxe8jnKHX1tmuOUYNC3TDoHLAUHFaQsKbQIOOK6fY4KY0e2F0kzAEzvUa3uypG5jIpymIpsBsXmsYe-1NwXsw
05:01:33.825 [main] DEBUG com.pred.apitests.filters.LoggingFilter --   Header: Content-Type: application/json
05:01:34.317 [main] DEBUG com.pred.apitests.filters.LoggingFilter -- Response: status=200
05:01:34.317 [main] DEBUG com.pred.apitests.filters.LoggingFilter --   Body: {"success":true,"usdc_balance":"33000000000","position_balance":"0"}
05:01:34.322 [main] INFO com.pred.apitests.listeners.TestListener -- Test skipped: depositFunds
05:01:34.327 [main] INFO com.pred.apitests.listeners.TestListener -- Test started: depositWithInvalidUserId_returnsFailed
05:01:34.334 [main] DEBUG com.pred.apitests.filters.LoggingFilter -- Request: POST http://api-internal.uat-frankfurt.pred.app
05:01:34.334 [main] DEBUG com.pred.apitests.filters.LoggingFilter --   Header: Accept: application/json, application/javascript, text/javascript, text/json
05:01:34.334 [main] DEBUG com.pred.apitests.filters.LoggingFilter --   Header: Content-Type: application/json
05:01:34.334 [main] DEBUG com.pred.apitests.filters.LoggingFilter --   Body: {"amount":1000000000,"user_id":"invalid-user-id-000"}
05:01:34.663 [main] DEBUG com.pred.apitests.filters.LoggingFilter -- Response: status=200
05:01:34.663 [main] DEBUG com.pred.apitests.filters.LoggingFilter --   Body: {"success":false,"message":"Failed to get user wallet address","err_code":"WALLET_FETCH_FAILED","user_id":"invalid-user-id-000","amount":1000000000}
05:01:34.674 [main] INFO com.pred.apitests.listeners.TestListener -- Test passed: depositWithInvalidUserId_returnsFailed
05:01:34.681 [main] INFO com.pred.apitests.listeners.TestListener -- Test started: getBalanceByMarket_returns200
05:01:34.683 [main] DEBUG com.pred.apitests.filters.LoggingFilter -- Request: GET https://uat-frankfurt.pred.app
05:01:34.683 [main] DEBUG com.pred.apitests.filters.LoggingFilter --   Header: Accept: application/json, application/javascript, text/javascript, text/json
05:01:34.683 [main] DEBUG com.pred.apitests.filters.LoggingFilter --   Header: Authorization: ****
05:01:34.683 [main] DEBUG com.pred.apitests.filters.LoggingFilter --   Header: Cookie: refresh_token=eyJhbGciOiJSUzI1NiIsInR5cCI6IkpXVCJ9.eyJ1c2VyX2lkIjoiZTg1Mzc5YmQtMmQxNy00MTQwLTlmNWQtNGFiNjhlYjg0N2RkIiwidG9rZW5fdHlwZSI6InJlZnJlc2giLCJvcmlnaW5hbF9jcmVhdGVkX2F0IjoxNzcyODM5ODkyNzQzLCJsYXRlc3RfYWN0aXZpdHlfYXQiOjE3NzI4Mzk4OTI3NDMsInNlc3Npb25faWQiOiIwMjhkMDU4MC1jMTU4LTQxMWMtYmMwZS0wNGY4OWZhZTMzOGMiLCJyb2xlIjoiTUFSS0VUX01BS0VSIiwiaXNzIjoiaHR0cHM6Ly91YXQtZnJhbmtmdXJ0LnByZWQuYXBwL2F1dGgiLCJzdWIiOiJlODUzNzliZC0yZDE3LTQxNDAtOWY1ZC00YWI2OGViODQ3ZGQiLCJhdWQiOlsiYXV0aCJdLCJleHAiOjE4MDQzNzU4OTIsIm5iZiI6MTc3MjgzOTg5MiwiaWF0IjoxNzcyODM5ODkyfQ.gYz1TdCWohZNtO4QLr9qEfgVuK4e6dvbhb9B9TyBgN2Uh0Fl8sDpzMJJauAVZ9tjL3jOPc1uifDcnF-3qakYrgXaXjTaK1aUvNDUOxBWcgE9PkuLLxWQXaaQd6crmIIAduwJMJ_PdMz81rlj-ny4y8FBg6gjn3gkAdjbceNg_unygOgx3BRfRVbnhATd7jzBcOeLkkdYrpZg8HOH-NaNBfjA7qt9Um8IcO__i5Ejbuwn7dTnSfinFjOTIWkCacISxmxe8jnKHX1tmuOUYNC3TDoHLAUHFaQsKbQIOOK6fY4KY0e2F0kzAEzvUa3uypG5jIpymIpsBsXmsYe-1NwXsw
05:01:34.687 [main] DEBUG com.pred.apitests.filters.LoggingFilter --   Header: Content-Type: application/json
05:01:35.170 [main] DEBUG com.pred.apitests.filters.LoggingFilter -- Response: status=200
05:01:35.170 [main] DEBUG com.pred.apitests.filters.LoggingFilter --   Body: {"success":true,"usdc_balance":"32999999010","position_balance":"0"}
05:01:35.170 [main] INFO com.pred.apitests.listeners.TestListener -- Test passed: getBalanceByMarket_returns200
05:01:35.173 [main] INFO com.pred.apitests.listeners.TestListener -- Test started: getBalance_returns200
05:01:35.174 [main] DEBUG com.pred.apitests.filters.LoggingFilter -- Request: GET https://uat-frankfurt.pred.app
05:01:35.174 [main] DEBUG com.pred.apitests.filters.LoggingFilter --   Header: Accept: application/json, application/javascript, text/javascript, text/json
05:01:35.174 [main] DEBUG com.pred.apitests.filters.LoggingFilter --   Header: Authorization: ****
05:01:35.174 [main] DEBUG com.pred.apitests.filters.LoggingFilter --   Header: Cookie: refresh_token=eyJhbGciOiJSUzI1NiIsInR5cCI6IkpXVCJ9.eyJ1c2VyX2lkIjoiZTg1Mzc5YmQtMmQxNy00MTQwLTlmNWQtNGFiNjhlYjg0N2RkIiwidG9rZW5fdHlwZSI6InJlZnJlc2giLCJvcmlnaW5hbF9jcmVhdGVkX2F0IjoxNzcyODM5ODkyNzQzLCJsYXRlc3RfYWN0aXZpdHlfYXQiOjE3NzI4Mzk4OTI3NDMsInNlc3Npb25faWQiOiIwMjhkMDU4MC1jMTU4LTQxMWMtYmMwZS0wNGY4OWZhZTMzOGMiLCJyb2xlIjoiTUFSS0VUX01BS0VSIiwiaXNzIjoiaHR0cHM6Ly91YXQtZnJhbmtmdXJ0LnByZWQuYXBwL2F1dGgiLCJzdWIiOiJlODUzNzliZC0yZDE3LTQxNDAtOWY1ZC00YWI2OGViODQ3ZGQiLCJhdWQiOlsiYXV0aCJdLCJleHAiOjE4MDQzNzU4OTIsIm5iZiI6MTc3MjgzOTg5MiwiaWF0IjoxNzcyODM5ODkyfQ.gYz1TdCWohZNtO4QLr9qEfgVuK4e6dvbhb9B9TyBgN2Uh0Fl8sDpzMJJauAVZ9tjL3jOPc1uifDcnF-3qakYrgXaXjTaK1aUvNDUOxBWcgE9PkuLLxWQXaaQd6crmIIAduwJMJ_PdMz81rlj-ny4y8FBg6gjn3gkAdjbceNg_unygOgx3BRfRVbnhATd7jzBcOeLkkdYrpZg8HOH-NaNBfjA7qt9Um8IcO__i5Ejbuwn7dTnSfinFjOTIWkCacISxmxe8jnKHX1tmuOUYNC3TDoHLAUHFaQsKbQIOOK6fY4KY0e2F0kzAEzvUa3uypG5jIpymIpsBsXmsYe-1NwXsw
05:01:35.174 [main] DEBUG com.pred.apitests.filters.LoggingFilter --   Header: Content-Type: application/json
05:01:35.694 [main] DEBUG com.pred.apitests.filters.LoggingFilter -- Response: status=200
05:01:35.694 [main] DEBUG com.pred.apitests.filters.LoggingFilter --   Body: {"success":true,"usdc_balance":"33000000000","position_balance":"0"}
05:01:35.695 [main] INFO com.pred.apitests.listeners.TestListener -- Test passed: getBalance_returns200
05:01:35.699 [main] INFO com.pred.apitests.listeners.TestListener -- Test started: getEarnings_returns200
05:01:35.702 [main] DEBUG com.pred.apitests.filters.LoggingFilter -- Request: GET https://uat-frankfurt.pred.app
05:01:35.702 [main] DEBUG com.pred.apitests.filters.LoggingFilter --   Header: Accept: application/json, application/javascript, text/javascript, text/json
05:01:35.702 [main] DEBUG com.pred.apitests.filters.LoggingFilter --   Header: Authorization: ****
05:01:35.702 [main] DEBUG com.pred.apitests.filters.LoggingFilter --   Header: Cookie: refresh_token=eyJhbGciOiJSUzI1NiIsInR5cCI6IkpXVCJ9.eyJ1c2VyX2lkIjoiZTg1Mzc5YmQtMmQxNy00MTQwLTlmNWQtNGFiNjhlYjg0N2RkIiwidG9rZW5fdHlwZSI6InJlZnJlc2giLCJvcmlnaW5hbF9jcmVhdGVkX2F0IjoxNzcyODM5ODkyNzQzLCJsYXRlc3RfYWN0aXZpdHlfYXQiOjE3NzI4Mzk4OTI3NDMsInNlc3Npb25faWQiOiIwMjhkMDU4MC1jMTU4LTQxMWMtYmMwZS0wNGY4OWZhZTMzOGMiLCJyb2xlIjoiTUFSS0VUX01BS0VSIiwiaXNzIjoiaHR0cHM6Ly91YXQtZnJhbmtmdXJ0LnByZWQuYXBwL2F1dGgiLCJzdWIiOiJlODUzNzliZC0yZDE3LTQxNDAtOWY1ZC00YWI2OGViODQ3ZGQiLCJhdWQiOlsiYXV0aCJdLCJleHAiOjE4MDQzNzU4OTIsIm5iZiI6MTc3MjgzOTg5MiwiaWF0IjoxNzcyODM5ODkyfQ.gYz1TdCWohZNtO4QLr9qEfgVuK4e6dvbhb9B9TyBgN2Uh0Fl8sDpzMJJauAVZ9tjL3jOPc1uifDcnF-3qakYrgXaXjTaK1aUvNDUOxBWcgE9PkuLLxWQXaaQd6crmIIAduwJMJ_PdMz81rlj-ny4y8FBg6gjn3gkAdjbceNg_unygOgx3BRfRVbnhATd7jzBcOeLkkdYrpZg8HOH-NaNBfjA7qt9Um8IcO__i5Ejbuwn7dTnSfinFjOTIWkCacISxmxe8jnKHX1tmuOUYNC3TDoHLAUHFaQsKbQIOOK6fY4KY0e2F0kzAEzvUa3uypG5jIpymIpsBsXmsYe-1NwXsw
05:01:35.702 [main] DEBUG com.pred.apitests.filters.LoggingFilter --   Header: Content-Type: application/json
05:01:36.210 [main] DEBUG com.pred.apitests.filters.LoggingFilter -- Response: status=200
05:01:36.210 [main] DEBUG com.pred.apitests.filters.LoggingFilter --   Body: {"user_id":"e85379bd-2d17-4140-9f5d-4ab68eb847dd","realized_pnl":"0","unrealized_pnl":"0","total_pnl":"0"}
05:01:36.212 [main] INFO com.pred.apitests.listeners.TestListener -- Test passed: getEarnings_returns200
05:01:36.216 [main] INFO com.pred.apitests.listeners.TestListener -- Test started: getPositions_returns200
05:01:36.219 [main] DEBUG com.pred.apitests.filters.LoggingFilter -- Request: GET https://uat-frankfurt.pred.app
05:01:36.219 [main] DEBUG com.pred.apitests.filters.LoggingFilter --   Header: Accept: application/json, application/javascript, text/javascript, text/json
05:01:36.219 [main] DEBUG com.pred.apitests.filters.LoggingFilter --   Header: Authorization: ****
05:01:36.219 [main] DEBUG com.pred.apitests.filters.LoggingFilter --   Header: Cookie: refresh_token=eyJhbGciOiJSUzI1NiIsInR5cCI6IkpXVCJ9.eyJ1c2VyX2lkIjoiZTg1Mzc5YmQtMmQxNy00MTQwLTlmNWQtNGFiNjhlYjg0N2RkIiwidG9rZW5fdHlwZSI6InJlZnJlc2giLCJvcmlnaW5hbF9jcmVhdGVkX2F0IjoxNzcyODM5ODkyNzQzLCJsYXRlc3RfYWN0aXZpdHlfYXQiOjE3NzI4Mzk4OTI3NDMsInNlc3Npb25faWQiOiIwMjhkMDU4MC1jMTU4LTQxMWMtYmMwZS0wNGY4OWZhZTMzOGMiLCJyb2xlIjoiTUFSS0VUX01BS0VSIiwiaXNzIjoiaHR0cHM6Ly91YXQtZnJhbmtmdXJ0LnByZWQuYXBwL2F1dGgiLCJzdWIiOiJlODUzNzliZC0yZDE3LTQxNDAtOWY1ZC00YWI2OGViODQ3ZGQiLCJhdWQiOlsiYXV0aCJdLCJleHAiOjE4MDQzNzU4OTIsIm5iZiI6MTc3MjgzOTg5MiwiaWF0IjoxNzcyODM5ODkyfQ.gYz1TdCWohZNtO4QLr9qEfgVuK4e6dvbhb9B9TyBgN2Uh0Fl8sDpzMJJauAVZ9tjL3jOPc1uifDcnF-3qakYrgXaXjTaK1aUvNDUOxBWcgE9PkuLLxWQXaaQd6crmIIAduwJMJ_PdMz81rlj-ny4y8FBg6gjn3gkAdjbceNg_unygOgx3BRfRVbnhATd7jzBcOeLkkdYrpZg8HOH-NaNBfjA7qt9Um8IcO__i5Ejbuwn7dTnSfinFjOTIWkCacISxmxe8jnKHX1tmuOUYNC3TDoHLAUHFaQsKbQIOOK6fY4KY0e2F0kzAEzvUa3uypG5jIpymIpsBsXmsYe-1NwXsw
05:01:36.219 [main] DEBUG com.pred.apitests.filters.LoggingFilter --   Header: Content-Type: application/json
05:01:36.687 [main] DEBUG com.pred.apitests.filters.LoggingFilter -- Response: status=200
05:01:36.688 [main] DEBUG com.pred.apitests.filters.LoggingFilter --   Body: {"success":true,"total_invested":"0","total_to_win":"0","position_league_summary":[],"positions":[]}
05:01:36.688 [main] INFO com.pred.apitests.listeners.TestListener -- Test passed: getPositions_returns200
05:01:36.692 [main] INFO com.pred.apitests.listeners.TestListener -- Test started: balance_availableEqualsTotalMinusReserved_whenFieldsPresent
05:01:36.693 [main] DEBUG com.pred.apitests.filters.LoggingFilter -- Request: GET https://uat-frankfurt.pred.app
05:01:36.693 [main] DEBUG com.pred.apitests.filters.LoggingFilter --   Header: Accept: application/json, application/javascript, text/javascript, text/json
05:01:36.693 [main] DEBUG com.pred.apitests.filters.LoggingFilter --   Header: Authorization: ****
05:01:36.693 [main] DEBUG com.pred.apitests.filters.LoggingFilter --   Header: Cookie: refresh_token=eyJhbGciOiJSUzI1NiIsInR5cCI6IkpXVCJ9.eyJ1c2VyX2lkIjoiZTg1Mzc5YmQtMmQxNy00MTQwLTlmNWQtNGFiNjhlYjg0N2RkIiwidG9rZW5fdHlwZSI6InJlZnJlc2giLCJvcmlnaW5hbF9jcmVhdGVkX2F0IjoxNzcyODM5ODkyNzQzLCJsYXRlc3RfYWN0aXZpdHlfYXQiOjE3NzI4Mzk4OTI3NDMsInNlc3Npb25faWQiOiIwMjhkMDU4MC1jMTU4LTQxMWMtYmMwZS0wNGY4OWZhZTMzOGMiLCJyb2xlIjoiTUFSS0VUX01BS0VSIiwiaXNzIjoiaHR0cHM6Ly91YXQtZnJhbmtmdXJ0LnByZWQuYXBwL2F1dGgiLCJzdWIiOiJlODUzNzliZC0yZDE3LTQxNDAtOWY1ZC00YWI2OGViODQ3ZGQiLCJhdWQiOlsiYXV0aCJdLCJleHAiOjE4MDQzNzU4OTIsIm5iZiI6MTc3MjgzOTg5MiwiaWF0IjoxNzcyODM5ODkyfQ.gYz1TdCWohZNtO4QLr9qEfgVuK4e6dvbhb9B9TyBgN2Uh0Fl8sDpzMJJauAVZ9tjL3jOPc1uifDcnF-3qakYrgXaXjTaK1aUvNDUOxBWcgE9PkuLLxWQXaaQd6crmIIAduwJMJ_PdMz81rlj-ny4y8FBg6gjn3gkAdjbceNg_unygOgx3BRfRVbnhATd7jzBcOeLkkdYrpZg8HOH-NaNBfjA7qt9Um8IcO__i5Ejbuwn7dTnSfinFjOTIWkCacISxmxe8jnKHX1tmuOUYNC3TDoHLAUHFaQsKbQIOOK6fY4KY0e2F0kzAEzvUa3uypG5jIpymIpsBsXmsYe-1NwXsw
05:01:36.693 [main] DEBUG com.pred.apitests.filters.LoggingFilter --   Header: Content-Type: application/json
05:01:37.169 [main] DEBUG com.pred.apitests.filters.LoggingFilter -- Response: status=200
05:01:37.169 [main] DEBUG com.pred.apitests.filters.LoggingFilter --   Body: {"success":true,"usdc_balance":"33000000000","position_balance":"0"}
05:01:37.171 [main] DEBUG com.pred.apitests.filters.LoggingFilter -- Request: GET https://uat-frankfurt.pred.app
05:01:37.171 [main] DEBUG com.pred.apitests.filters.LoggingFilter --   Header: Accept: application/json, application/javascript, text/javascript, text/json
05:01:37.171 [main] DEBUG com.pred.apitests.filters.LoggingFilter --   Header: Authorization: ****
05:01:37.171 [main] DEBUG com.pred.apitests.filters.LoggingFilter --   Header: Cookie: refresh_token=eyJhbGciOiJSUzI1NiIsInR5cCI6IkpXVCJ9.eyJ1c2VyX2lkIjoiZTg1Mzc5YmQtMmQxNy00MTQwLTlmNWQtNGFiNjhlYjg0N2RkIiwidG9rZW5fdHlwZSI6InJlZnJlc2giLCJvcmlnaW5hbF9jcmVhdGVkX2F0IjoxNzcyODM5ODkyNzQzLCJsYXRlc3RfYWN0aXZpdHlfYXQiOjE3NzI4Mzk4OTI3NDMsInNlc3Npb25faWQiOiIwMjhkMDU4MC1jMTU4LTQxMWMtYmMwZS0wNGY4OWZhZTMzOGMiLCJyb2xlIjoiTUFSS0VUX01BS0VSIiwiaXNzIjoiaHR0cHM6Ly91YXQtZnJhbmtmdXJ0LnByZWQuYXBwL2F1dGgiLCJzdWIiOiJlODUzNzliZC0yZDE3LTQxNDAtOWY1ZC00YWI2OGViODQ3ZGQiLCJhdWQiOlsiYXV0aCJdLCJleHAiOjE4MDQzNzU4OTIsIm5iZiI6MTc3MjgzOTg5MiwiaWF0IjoxNzcyODM5ODkyfQ.gYz1TdCWohZNtO4QLr9qEfgVuK4e6dvbhb9B9TyBgN2Uh0Fl8sDpzMJJauAVZ9tjL3jOPc1uifDcnF-3qakYrgXaXjTaK1aUvNDUOxBWcgE9PkuLLxWQXaaQd6crmIIAduwJMJ_PdMz81rlj-ny4y8FBg6gjn3gkAdjbceNg_unygOgx3BRfRVbnhATd7jzBcOeLkkdYrpZg8HOH-NaNBfjA7qt9Um8IcO__i5Ejbuwn7dTnSfinFjOTIWkCacISxmxe8jnKHX1tmuOUYNC3TDoHLAUHFaQsKbQIOOK6fY4KY0e2F0kzAEzvUa3uypG5jIpymIpsBsXmsYe-1NwXsw
05:01:37.171 [main] DEBUG com.pred.apitests.filters.LoggingFilter --   Header: Content-Type: application/json
05:01:37.641 [main] DEBUG com.pred.apitests.filters.LoggingFilter -- Response: status=200
05:01:37.641 [main] DEBUG com.pred.apitests.filters.LoggingFilter --   Body: {"success":true,"usdc_balance":"32999999010","position_balance":"0"}
05:01:37.643 [main] INFO com.pred.apitests.listeners.TestListener -- Test passed: balance_availableEqualsTotalMinusReserved_whenFieldsPresent
05:01:37.644 [main] INFO com.pred.apitests.listeners.TestListener -- Test started: cancelOrder_withValidOrderId_returns2xx
05:01:37.649 [main] DEBUG com.pred.apitests.filters.LoggingFilter -- Request: POST http://localhost:5050
05:01:37.649 [main] DEBUG com.pred.apitests.filters.LoggingFilter --   Header: Accept: application/json, application/javascript, text/javascript, text/json
05:01:37.649 [main] DEBUG com.pred.apitests.filters.LoggingFilter --   Header: Content-Type: application/json
05:01:37.649 [main] DEBUG com.pred.apitests.filters.LoggingFilter --   Body: {"salt":"1772839897644","price":"30","quantity":"100","intent":0,"maker":"0x54c7d8B0808357486Ef6bddE7475e06146B3fa90","signer":"0x0d248E2d6cD3E815d64274d5B3F37771588285B6","questionId":"0x0b5e4867f18d734efa40ff8c9144393e0fda072f90d865a2a8b086c02ccbb900","feeRateBps":0,"signatureType":2,"taker":"0x0000000000000000000000000000000000000000","expiration":"0","nonce":"0","priceInCents":false,"timestamp":1772839897,"privateKey":"****"}
05:01:37.654 [main] DEBUG com.pred.apitests.filters.LoggingFilter -- Response: status=200
05:01:37.654 [main] DEBUG com.pred.apitests.filters.LoggingFilter --   Body: {"ok":true,"signature":"0x3b6f4c77867a3cf591e3d6854663fa797eb2247d4cdfdc7ab40eb2729e7a3cad6742f71e5437135bdce462cecb9bd30304d2bd327db335b17c2646900b7c1b351b","eoa_address":"0x0d248E2d6cD3E815d64274d5B3F37771588285B6","maker":"0x54c7d8B0808357486Ef6bddE7475e06146B3fa90","signer":"0x0d248E2d6cD3E815d64274d5B3F37771588285B6","signed_message":{"salt":"1772839897644","maker":"0x54c7d8B0808357486Ef6bddE7475e06146B3fa90","signer":"0x0d248E2d6cD3E815d64274d5B3F37771588285B6","taker":"0x00000000000000000...
05:01:37.663 [main] DEBUG com.pred.apitests.filters.LoggingFilter -- Request: POST https://uat-frankfurt.pred.app
05:01:37.663 [main] DEBUG com.pred.apitests.filters.LoggingFilter --   Header: Accept: application/json, application/javascript, text/javascript, text/json
05:01:37.663 [main] DEBUG com.pred.apitests.filters.LoggingFilter --   Header: Authorization: ****
05:01:37.663 [main] DEBUG com.pred.apitests.filters.LoggingFilter --   Header: Cookie: refresh_token=eyJhbGciOiJSUzI1NiIsInR5cCI6IkpXVCJ9.eyJ1c2VyX2lkIjoiZTg1Mzc5YmQtMmQxNy00MTQwLTlmNWQtNGFiNjhlYjg0N2RkIiwidG9rZW5fdHlwZSI6InJlZnJlc2giLCJvcmlnaW5hbF9jcmVhdGVkX2F0IjoxNzcyODM5ODkyNzQzLCJsYXRlc3RfYWN0aXZpdHlfYXQiOjE3NzI4Mzk4OTI3NDMsInNlc3Npb25faWQiOiIwMjhkMDU4MC1jMTU4LTQxMWMtYmMwZS0wNGY4OWZhZTMzOGMiLCJyb2xlIjoiTUFSS0VUX01BS0VSIiwiaXNzIjoiaHR0cHM6Ly91YXQtZnJhbmtmdXJ0LnByZWQuYXBwL2F1dGgiLCJzdWIiOiJlODUzNzliZC0yZDE3LTQxNDAtOWY1ZC00YWI2OGViODQ3ZGQiLCJhdWQiOlsiYXV0aCJdLCJleHAiOjE4MDQzNzU4OTIsIm5iZiI6MTc3MjgzOTg5MiwiaWF0IjoxNzcyODM5ODkyfQ.gYz1TdCWohZNtO4QLr9qEfgVuK4e6dvbhb9B9TyBgN2Uh0Fl8sDpzMJJauAVZ9tjL3jOPc1uifDcnF-3qakYrgXaXjTaK1aUvNDUOxBWcgE9PkuLLxWQXaaQd6crmIIAduwJMJ_PdMz81rlj-ny4y8FBg6gjn3gkAdjbceNg_unygOgx3BRfRVbnhATd7jzBcOeLkkdYrpZg8HOH-NaNBfjA7qt9Um8IcO__i5Ejbuwn7dTnSfinFjOTIWkCacISxmxe8jnKHX1tmuOUYNC3TDoHLAUHFaQsKbQIOOK6fY4KY0e2F0kzAEzvUa3uypG5jIpymIpsBsXmsYe-1NwXsw
05:01:37.663 [main] DEBUG com.pred.apitests.filters.LoggingFilter --   Header: X-Wallet-Address: 0x0d248E2d6cD3E815d64274d5B3F37771588285B6
05:01:37.663 [main] DEBUG com.pred.apitests.filters.LoggingFilter --   Header: X-Proxy-Address: 0x54c7d8B0808357486Ef6bddE7475e06146B3fa90
05:01:37.663 [main] DEBUG com.pred.apitests.filters.LoggingFilter --   Header: Content-Type: application/json
05:01:37.663 [main] DEBUG com.pred.apitests.filters.LoggingFilter --   Body: {"salt":"1772839897644","side":"long","price":"30","quantity":"100","amount":"30","signature":"****","type":"limit","timestamp":1772839897,"user_id":"e85379bd-2d17-4140-9f5d-4ab68eb847dd","market_id":"0x0b5e4867f18d734efa40ff8c9144393e0fda072f90d865a2a8b086c02ccbb900","token_id":"0x1234567890abcdef1234567890abcdef12345678","is_low_priority":false,"reduce_only":false,"fee_rate_bps":0}
05:01:38.193 [main] DEBUG com.pred.apitests.filters.LoggingFilter -- Response: status=202
05:01:38.193 [main] DEBUG com.pred.apitests.filters.LoggingFilter --   Body: {"status":"open_order","order_id":"adb525ee-42b7-4cfe-a295-54ef4908320d","message":"Order placed successfully","filled_quantity":"0"}
05:01:38.202 [main] DEBUG com.pred.apitests.filters.LoggingFilter -- Request: DELETE https://uat-frankfurt.pred.app
05:01:38.202 [main] DEBUG com.pred.apitests.filters.LoggingFilter --   Header: Accept: application/json, application/javascript, text/javascript, text/json
05:01:38.202 [main] DEBUG com.pred.apitests.filters.LoggingFilter --   Header: Authorization: ****
05:01:38.202 [main] DEBUG com.pred.apitests.filters.LoggingFilter --   Header: Cookie: refresh_token=eyJhbGciOiJSUzI1NiIsInR5cCI6IkpXVCJ9.eyJ1c2VyX2lkIjoiZTg1Mzc5YmQtMmQxNy00MTQwLTlmNWQtNGFiNjhlYjg0N2RkIiwidG9rZW5fdHlwZSI6InJlZnJlc2giLCJvcmlnaW5hbF9jcmVhdGVkX2F0IjoxNzcyODM5ODkyNzQzLCJsYXRlc3RfYWN0aXZpdHlfYXQiOjE3NzI4Mzk4OTI3NDMsInNlc3Npb25faWQiOiIwMjhkMDU4MC1jMTU4LTQxMWMtYmMwZS0wNGY4OWZhZTMzOGMiLCJyb2xlIjoiTUFSS0VUX01BS0VSIiwiaXNzIjoiaHR0cHM6Ly91YXQtZnJhbmtmdXJ0LnByZWQuYXBwL2F1dGgiLCJzdWIiOiJlODUzNzliZC0yZDE3LTQxNDAtOWY1ZC00YWI2OGViODQ3ZGQiLCJhdWQiOlsiYXV0aCJdLCJleHAiOjE4MDQzNzU4OTIsIm5iZiI6MTc3MjgzOTg5MiwiaWF0IjoxNzcyODM5ODkyfQ.gYz1TdCWohZNtO4QLr9qEfgVuK4e6dvbhb9B9TyBgN2Uh0Fl8sDpzMJJauAVZ9tjL3jOPc1uifDcnF-3qakYrgXaXjTaK1aUvNDUOxBWcgE9PkuLLxWQXaaQd6crmIIAduwJMJ_PdMz81rlj-ny4y8FBg6gjn3gkAdjbceNg_unygOgx3BRfRVbnhATd7jzBcOeLkkdYrpZg8HOH-NaNBfjA7qt9Um8IcO__i5Ejbuwn7dTnSfinFjOTIWkCacISxmxe8jnKHX1tmuOUYNC3TDoHLAUHFaQsKbQIOOK6fY4KY0e2F0kzAEzvUa3uypG5jIpymIpsBsXmsYe-1NwXsw
05:01:38.202 [main] DEBUG com.pred.apitests.filters.LoggingFilter --   Header: Content-Type: application/json
05:01:38.202 [main] DEBUG com.pred.apitests.filters.LoggingFilter --   Body: {"order_id":"adb525ee-42b7-4cfe-a295-54ef4908320d","market_id":"0x0b5e4867f18d734efa40ff8c9144393e0fda072f90d865a2a8b086c02ccbb900"}
05:01:38.724 [main] DEBUG com.pred.apitests.filters.LoggingFilter -- Response: status=200
05:01:38.725 [main] DEBUG com.pred.apitests.filters.LoggingFilter --   Body: {"status":"user_cancelled","order_id":"adb525ee-42b7-4cfe-a295-54ef4908320d","message":"Order cancellation submitted successfully"}
05:01:38.726 [main] INFO com.pred.apitests.listeners.TestListener -- Test passed: cancelOrder_withValidOrderId_returns2xx
05:01:38.728 [main] INFO com.pred.apitests.listeners.TestListener -- Test started: flow_placeTwoOrders_cancelSecond_withBalancePnlPositionsChecks
05:01:38.729 [main] DEBUG com.pred.apitests.filters.LoggingFilter -- Request: GET https://uat-frankfurt.pred.app
05:01:38.729 [main] DEBUG com.pred.apitests.filters.LoggingFilter --   Header: Accept: application/json, application/javascript, text/javascript, text/json
05:01:38.729 [main] DEBUG com.pred.apitests.filters.LoggingFilter --   Header: Authorization: ****
05:01:38.729 [main] DEBUG com.pred.apitests.filters.LoggingFilter --   Header: Cookie: refresh_token=eyJhbGciOiJSUzI1NiIsInR5cCI6IkpXVCJ9.eyJ1c2VyX2lkIjoiZTg1Mzc5YmQtMmQxNy00MTQwLTlmNWQtNGFiNjhlYjg0N2RkIiwidG9rZW5fdHlwZSI6InJlZnJlc2giLCJvcmlnaW5hbF9jcmVhdGVkX2F0IjoxNzcyODM5ODkyNzQzLCJsYXRlc3RfYWN0aXZpdHlfYXQiOjE3NzI4Mzk4OTI3NDMsInNlc3Npb25faWQiOiIwMjhkMDU4MC1jMTU4LTQxMWMtYmMwZS0wNGY4OWZhZTMzOGMiLCJyb2xlIjoiTUFSS0VUX01BS0VSIiwiaXNzIjoiaHR0cHM6Ly91YXQtZnJhbmtmdXJ0LnByZWQuYXBwL2F1dGgiLCJzdWIiOiJlODUzNzliZC0yZDE3LTQxNDAtOWY1ZC00YWI2OGViODQ3ZGQiLCJhdWQiOlsiYXV0aCJdLCJleHAiOjE4MDQzNzU4OTIsIm5iZiI6MTc3MjgzOTg5MiwiaWF0IjoxNzcyODM5ODkyfQ.gYz1TdCWohZNtO4QLr9qEfgVuK4e6dvbhb9B9TyBgN2Uh0Fl8sDpzMJJauAVZ9tjL3jOPc1uifDcnF-3qakYrgXaXjTaK1aUvNDUOxBWcgE9PkuLLxWQXaaQd6crmIIAduwJMJ_PdMz81rlj-ny4y8FBg6gjn3gkAdjbceNg_unygOgx3BRfRVbnhATd7jzBcOeLkkdYrpZg8HOH-NaNBfjA7qt9Um8IcO__i5Ejbuwn7dTnSfinFjOTIWkCacISxmxe8jnKHX1tmuOUYNC3TDoHLAUHFaQsKbQIOOK6fY4KY0e2F0kzAEzvUa3uypG5jIpymIpsBsXmsYe-1NwXsw
05:01:38.729 [main] DEBUG com.pred.apitests.filters.LoggingFilter --   Header: Content-Type: application/json
05:01:39.197 [main] DEBUG com.pred.apitests.filters.LoggingFilter -- Response: status=200
05:01:39.197 [main] DEBUG com.pred.apitests.filters.LoggingFilter --   Body: {"success":true,"usdc_balance":"33000000000","position_balance":"0"}
05:01:39.199 [main] DEBUG com.pred.apitests.filters.LoggingFilter -- Request: GET https://uat-frankfurt.pred.app
05:01:39.199 [main] DEBUG com.pred.apitests.filters.LoggingFilter --   Header: Accept: application/json, application/javascript, text/javascript, text/json
05:01:39.199 [main] DEBUG com.pred.apitests.filters.LoggingFilter --   Header: Authorization: ****
05:01:39.199 [main] DEBUG com.pred.apitests.filters.LoggingFilter --   Header: Cookie: refresh_token=eyJhbGciOiJSUzI1NiIsInR5cCI6IkpXVCJ9.eyJ1c2VyX2lkIjoiZTg1Mzc5YmQtMmQxNy00MTQwLTlmNWQtNGFiNjhlYjg0N2RkIiwidG9rZW5fdHlwZSI6InJlZnJlc2giLCJvcmlnaW5hbF9jcmVhdGVkX2F0IjoxNzcyODM5ODkyNzQzLCJsYXRlc3RfYWN0aXZpdHlfYXQiOjE3NzI4Mzk4OTI3NDMsInNlc3Npb25faWQiOiIwMjhkMDU4MC1jMTU4LTQxMWMtYmMwZS0wNGY4OWZhZTMzOGMiLCJyb2xlIjoiTUFSS0VUX01BS0VSIiwiaXNzIjoiaHR0cHM6Ly91YXQtZnJhbmtmdXJ0LnByZWQuYXBwL2F1dGgiLCJzdWIiOiJlODUzNzliZC0yZDE3LTQxNDAtOWY1ZC00YWI2OGViODQ3ZGQiLCJhdWQiOlsiYXV0aCJdLCJleHAiOjE4MDQzNzU4OTIsIm5iZiI6MTc3MjgzOTg5MiwiaWF0IjoxNzcyODM5ODkyfQ.gYz1TdCWohZNtO4QLr9qEfgVuK4e6dvbhb9B9TyBgN2Uh0Fl8sDpzMJJauAVZ9tjL3jOPc1uifDcnF-3qakYrgXaXjTaK1aUvNDUOxBWcgE9PkuLLxWQXaaQd6crmIIAduwJMJ_PdMz81rlj-ny4y8FBg6gjn3gkAdjbceNg_unygOgx3BRfRVbnhATd7jzBcOeLkkdYrpZg8HOH-NaNBfjA7qt9Um8IcO__i5Ejbuwn7dTnSfinFjOTIWkCacISxmxe8jnKHX1tmuOUYNC3TDoHLAUHFaQsKbQIOOK6fY4KY0e2F0kzAEzvUa3uypG5jIpymIpsBsXmsYe-1NwXsw
05:01:39.199 [main] DEBUG com.pred.apitests.filters.LoggingFilter --   Header: Content-Type: application/json
05:01:39.727 [main] DEBUG com.pred.apitests.filters.LoggingFilter -- Response: status=200
05:01:39.728 [main] DEBUG com.pred.apitests.filters.LoggingFilter --   Body: {"user_id":"e85379bd-2d17-4140-9f5d-4ab68eb847dd","realized_pnl":"0","unrealized_pnl":"0","total_pnl":"0"}
05:01:39.729 [main] DEBUG com.pred.apitests.filters.LoggingFilter -- Request: GET https://uat-frankfurt.pred.app
05:01:39.729 [main] DEBUG com.pred.apitests.filters.LoggingFilter --   Header: Accept: application/json, application/javascript, text/javascript, text/json
05:01:39.729 [main] DEBUG com.pred.apitests.filters.LoggingFilter --   Header: Authorization: ****
05:01:39.729 [main] DEBUG com.pred.apitests.filters.LoggingFilter --   Header: Cookie: refresh_token=eyJhbGciOiJSUzI1NiIsInR5cCI6IkpXVCJ9.eyJ1c2VyX2lkIjoiZTg1Mzc5YmQtMmQxNy00MTQwLTlmNWQtNGFiNjhlYjg0N2RkIiwidG9rZW5fdHlwZSI6InJlZnJlc2giLCJvcmlnaW5hbF9jcmVhdGVkX2F0IjoxNzcyODM5ODkyNzQzLCJsYXRlc3RfYWN0aXZpdHlfYXQiOjE3NzI4Mzk4OTI3NDMsInNlc3Npb25faWQiOiIwMjhkMDU4MC1jMTU4LTQxMWMtYmMwZS0wNGY4OWZhZTMzOGMiLCJyb2xlIjoiTUFSS0VUX01BS0VSIiwiaXNzIjoiaHR0cHM6Ly91YXQtZnJhbmtmdXJ0LnByZWQuYXBwL2F1dGgiLCJzdWIiOiJlODUzNzliZC0yZDE3LTQxNDAtOWY1ZC00YWI2OGViODQ3ZGQiLCJhdWQiOlsiYXV0aCJdLCJleHAiOjE4MDQzNzU4OTIsIm5iZiI6MTc3MjgzOTg5MiwiaWF0IjoxNzcyODM5ODkyfQ.gYz1TdCWohZNtO4QLr9qEfgVuK4e6dvbhb9B9TyBgN2Uh0Fl8sDpzMJJauAVZ9tjL3jOPc1uifDcnF-3qakYrgXaXjTaK1aUvNDUOxBWcgE9PkuLLxWQXaaQd6crmIIAduwJMJ_PdMz81rlj-ny4y8FBg6gjn3gkAdjbceNg_unygOgx3BRfRVbnhATd7jzBcOeLkkdYrpZg8HOH-NaNBfjA7qt9Um8IcO__i5Ejbuwn7dTnSfinFjOTIWkCacISxmxe8jnKHX1tmuOUYNC3TDoHLAUHFaQsKbQIOOK6fY4KY0e2F0kzAEzvUa3uypG5jIpymIpsBsXmsYe-1NwXsw
05:01:39.729 [main] DEBUG com.pred.apitests.filters.LoggingFilter --   Header: Content-Type: application/json
05:01:40.205 [main] DEBUG com.pred.apitests.filters.LoggingFilter -- Response: status=200
05:01:40.205 [main] DEBUG com.pred.apitests.filters.LoggingFilter --   Body: {"success":true,"total_invested":"0","total_to_win":"0","position_league_summary":[],"positions":[]}
05:01:40.210 [main] DEBUG com.pred.apitests.filters.LoggingFilter -- Request: POST http://localhost:5050
05:01:40.210 [main] DEBUG com.pred.apitests.filters.LoggingFilter --   Header: Accept: application/json, application/javascript, text/javascript, text/json
05:01:40.210 [main] DEBUG com.pred.apitests.filters.LoggingFilter --   Header: Content-Type: application/json
05:01:40.210 [main] DEBUG com.pred.apitests.filters.LoggingFilter --   Body: {"salt":"1772839900206","price":"30","quantity":"100","intent":0,"maker":"0x54c7d8B0808357486Ef6bddE7475e06146B3fa90","signer":"0x0d248E2d6cD3E815d64274d5B3F37771588285B6","questionId":"0x0b5e4867f18d734efa40ff8c9144393e0fda072f90d865a2a8b086c02ccbb900","feeRateBps":0,"signatureType":2,"taker":"0x0000000000000000000000000000000000000000","expiration":"0","nonce":"0","priceInCents":false,"timestamp":1772839900,"privateKey":"****"}
05:01:40.218 [main] DEBUG com.pred.apitests.filters.LoggingFilter -- Response: status=200
05:01:40.218 [main] DEBUG com.pred.apitests.filters.LoggingFilter --   Body: {"ok":true,"signature":"0xacf21f9226f80d4835d887a4885699b1b6c65a87ab51f258a27e203c103f8ea63ea24f97bfd333715f5a8fde6887d900903cb1a192568dcfa9fa445d350aefc51b","eoa_address":"0x0d248E2d6cD3E815d64274d5B3F37771588285B6","maker":"0x54c7d8B0808357486Ef6bddE7475e06146B3fa90","signer":"0x0d248E2d6cD3E815d64274d5B3F37771588285B6","signed_message":{"salt":"1772839900206","maker":"0x54c7d8B0808357486Ef6bddE7475e06146B3fa90","signer":"0x0d248E2d6cD3E815d64274d5B3F37771588285B6","taker":"0x00000000000000000...
05:01:40.222 [main] DEBUG com.pred.apitests.filters.LoggingFilter -- Request: POST https://uat-frankfurt.pred.app
05:01:40.222 [main] DEBUG com.pred.apitests.filters.LoggingFilter --   Header: Accept: application/json, application/javascript, text/javascript, text/json
05:01:40.222 [main] DEBUG com.pred.apitests.filters.LoggingFilter --   Header: Authorization: ****
05:01:40.222 [main] DEBUG com.pred.apitests.filters.LoggingFilter --   Header: Cookie: refresh_token=eyJhbGciOiJSUzI1NiIsInR5cCI6IkpXVCJ9.eyJ1c2VyX2lkIjoiZTg1Mzc5YmQtMmQxNy00MTQwLTlmNWQtNGFiNjhlYjg0N2RkIiwidG9rZW5fdHlwZSI6InJlZnJlc2giLCJvcmlnaW5hbF9jcmVhdGVkX2F0IjoxNzcyODM5ODkyNzQzLCJsYXRlc3RfYWN0aXZpdHlfYXQiOjE3NzI4Mzk4OTI3NDMsInNlc3Npb25faWQiOiIwMjhkMDU4MC1jMTU4LTQxMWMtYmMwZS0wNGY4OWZhZTMzOGMiLCJyb2xlIjoiTUFSS0VUX01BS0VSIiwiaXNzIjoiaHR0cHM6Ly91YXQtZnJhbmtmdXJ0LnByZWQuYXBwL2F1dGgiLCJzdWIiOiJlODUzNzliZC0yZDE3LTQxNDAtOWY1ZC00YWI2OGViODQ3ZGQiLCJhdWQiOlsiYXV0aCJdLCJleHAiOjE4MDQzNzU4OTIsIm5iZiI6MTc3MjgzOTg5MiwiaWF0IjoxNzcyODM5ODkyfQ.gYz1TdCWohZNtO4QLr9qEfgVuK4e6dvbhb9B9TyBgN2Uh0Fl8sDpzMJJauAVZ9tjL3jOPc1uifDcnF-3qakYrgXaXjTaK1aUvNDUOxBWcgE9PkuLLxWQXaaQd6crmIIAduwJMJ_PdMz81rlj-ny4y8FBg6gjn3gkAdjbceNg_unygOgx3BRfRVbnhATd7jzBcOeLkkdYrpZg8HOH-NaNBfjA7qt9Um8IcO__i5Ejbuwn7dTnSfinFjOTIWkCacISxmxe8jnKHX1tmuOUYNC3TDoHLAUHFaQsKbQIOOK6fY4KY0e2F0kzAEzvUa3uypG5jIpymIpsBsXmsYe-1NwXsw
05:01:40.222 [main] DEBUG com.pred.apitests.filters.LoggingFilter --   Header: X-Wallet-Address: 0x0d248E2d6cD3E815d64274d5B3F37771588285B6
05:01:40.222 [main] DEBUG com.pred.apitests.filters.LoggingFilter --   Header: X-Proxy-Address: 0x54c7d8B0808357486Ef6bddE7475e06146B3fa90
05:01:40.222 [main] DEBUG com.pred.apitests.filters.LoggingFilter --   Header: Content-Type: application/json
05:01:40.222 [main] DEBUG com.pred.apitests.filters.LoggingFilter --   Body: {"salt":"1772839900206","side":"long","price":"30","quantity":"100","amount":"30","signature":"****","type":"limit","timestamp":1772839900,"user_id":"e85379bd-2d17-4140-9f5d-4ab68eb847dd","market_id":"0x0b5e4867f18d734efa40ff8c9144393e0fda072f90d865a2a8b086c02ccbb900","token_id":"0x1234567890abcdef1234567890abcdef12345678","is_low_priority":false,"reduce_only":false,"fee_rate_bps":0}
05:01:40.721 [main] DEBUG com.pred.apitests.filters.LoggingFilter -- Response: status=202
05:01:40.721 [main] DEBUG com.pred.apitests.filters.LoggingFilter --   Body: {"status":"open_order","order_id":"76b1dd3e-ed01-4749-bf76-58f66ebe5f6b","message":"Order placed successfully","filled_quantity":"0"}
05:01:40.732 [main] DEBUG com.pred.apitests.filters.LoggingFilter -- Request: GET https://uat-frankfurt.pred.app
05:01:40.733 [main] DEBUG com.pred.apitests.filters.LoggingFilter --   Header: Accept: application/json, application/javascript, text/javascript, text/json
05:01:40.733 [main] DEBUG com.pred.apitests.filters.LoggingFilter --   Header: Authorization: ****
05:01:40.733 [main] DEBUG com.pred.apitests.filters.LoggingFilter --   Header: Cookie: refresh_token=eyJhbGciOiJSUzI1NiIsInR5cCI6IkpXVCJ9.eyJ1c2VyX2lkIjoiZTg1Mzc5YmQtMmQxNy00MTQwLTlmNWQtNGFiNjhlYjg0N2RkIiwidG9rZW5fdHlwZSI6InJlZnJlc2giLCJvcmlnaW5hbF9jcmVhdGVkX2F0IjoxNzcyODM5ODkyNzQzLCJsYXRlc3RfYWN0aXZpdHlfYXQiOjE3NzI4Mzk4OTI3NDMsInNlc3Npb25faWQiOiIwMjhkMDU4MC1jMTU4LTQxMWMtYmMwZS0wNGY4OWZhZTMzOGMiLCJyb2xlIjoiTUFSS0VUX01BS0VSIiwiaXNzIjoiaHR0cHM6Ly91YXQtZnJhbmtmdXJ0LnByZWQuYXBwL2F1dGgiLCJzdWIiOiJlODUzNzliZC0yZDE3LTQxNDAtOWY1ZC00YWI2OGViODQ3ZGQiLCJhdWQiOlsiYXV0aCJdLCJleHAiOjE4MDQzNzU4OTIsIm5iZiI6MTc3MjgzOTg5MiwiaWF0IjoxNzcyODM5ODkyfQ.gYz1TdCWohZNtO4QLr9qEfgVuK4e6dvbhb9B9TyBgN2Uh0Fl8sDpzMJJauAVZ9tjL3jOPc1uifDcnF-3qakYrgXaXjTaK1aUvNDUOxBWcgE9PkuLLxWQXaaQd6crmIIAduwJMJ_PdMz81rlj-ny4y8FBg6gjn3gkAdjbceNg_unygOgx3BRfRVbnhATd7jzBcOeLkkdYrpZg8HOH-NaNBfjA7qt9Um8IcO__i5Ejbuwn7dTnSfinFjOTIWkCacISxmxe8jnKHX1tmuOUYNC3TDoHLAUHFaQsKbQIOOK6fY4KY0e2F0kzAEzvUa3uypG5jIpymIpsBsXmsYe-1NwXsw
05:01:40.733 [main] DEBUG com.pred.apitests.filters.LoggingFilter --   Header: Content-Type: application/json
05:01:41.247 [main] DEBUG com.pred.apitests.filters.LoggingFilter -- Response: status=200
05:01:41.249 [main] DEBUG com.pred.apitests.filters.LoggingFilter --   Body: {"success":true,"usdc_balance":"33000000000","position_balance":"0"}
05:01:41.252 [main] DEBUG com.pred.apitests.filters.LoggingFilter -- Request: GET https://uat-frankfurt.pred.app
05:01:41.252 [main] DEBUG com.pred.apitests.filters.LoggingFilter --   Header: Accept: application/json, application/javascript, text/javascript, text/json
05:01:41.252 [main] DEBUG com.pred.apitests.filters.LoggingFilter --   Header: Authorization: ****
05:01:41.252 [main] DEBUG com.pred.apitests.filters.LoggingFilter --   Header: Cookie: refresh_token=eyJhbGciOiJSUzI1NiIsInR5cCI6IkpXVCJ9.eyJ1c2VyX2lkIjoiZTg1Mzc5YmQtMmQxNy00MTQwLTlmNWQtNGFiNjhlYjg0N2RkIiwidG9rZW5fdHlwZSI6InJlZnJlc2giLCJvcmlnaW5hbF9jcmVhdGVkX2F0IjoxNzcyODM5ODkyNzQzLCJsYXRlc3RfYWN0aXZpdHlfYXQiOjE3NzI4Mzk4OTI3NDMsInNlc3Npb25faWQiOiIwMjhkMDU4MC1jMTU4LTQxMWMtYmMwZS0wNGY4OWZhZTMzOGMiLCJyb2xlIjoiTUFSS0VUX01BS0VSIiwiaXNzIjoiaHR0cHM6Ly91YXQtZnJhbmtmdXJ0LnByZWQuYXBwL2F1dGgiLCJzdWIiOiJlODUzNzliZC0yZDE3LTQxNDAtOWY1ZC00YWI2OGViODQ3ZGQiLCJhdWQiOlsiYXV0aCJdLCJleHAiOjE4MDQzNzU4OTIsIm5iZiI6MTc3MjgzOTg5MiwiaWF0IjoxNzcyODM5ODkyfQ.gYz1TdCWohZNtO4QLr9qEfgVuK4e6dvbhb9B9TyBgN2Uh0Fl8sDpzMJJauAVZ9tjL3jOPc1uifDcnF-3qakYrgXaXjTaK1aUvNDUOxBWcgE9PkuLLxWQXaaQd6crmIIAduwJMJ_PdMz81rlj-ny4y8FBg6gjn3gkAdjbceNg_unygOgx3BRfRVbnhATd7jzBcOeLkkdYrpZg8HOH-NaNBfjA7qt9Um8IcO__i5Ejbuwn7dTnSfinFjOTIWkCacISxmxe8jnKHX1tmuOUYNC3TDoHLAUHFaQsKbQIOOK6fY4KY0e2F0kzAEzvUa3uypG5jIpymIpsBsXmsYe-1NwXsw
05:01:41.252 [main] DEBUG com.pred.apitests.filters.LoggingFilter --   Header: Content-Type: application/json
05:01:41.772 [main] DEBUG com.pred.apitests.filters.LoggingFilter -- Response: status=200
05:01:41.772 [main] DEBUG com.pred.apitests.filters.LoggingFilter --   Body: {"user_id":"e85379bd-2d17-4140-9f5d-4ab68eb847dd","realized_pnl":"0","unrealized_pnl":"0","total_pnl":"0"}
05:01:41.773 [main] DEBUG com.pred.apitests.filters.LoggingFilter -- Request: GET https://uat-frankfurt.pred.app
05:01:41.773 [main] DEBUG com.pred.apitests.filters.LoggingFilter --   Header: Accept: application/json, application/javascript, text/javascript, text/json
05:01:41.773 [main] DEBUG com.pred.apitests.filters.LoggingFilter --   Header: Authorization: ****
05:01:41.773 [main] DEBUG com.pred.apitests.filters.LoggingFilter --   Header: Cookie: refresh_token=eyJhbGciOiJSUzI1NiIsInR5cCI6IkpXVCJ9.eyJ1c2VyX2lkIjoiZTg1Mzc5YmQtMmQxNy00MTQwLTlmNWQtNGFiNjhlYjg0N2RkIiwidG9rZW5fdHlwZSI6InJlZnJlc2giLCJvcmlnaW5hbF9jcmVhdGVkX2F0IjoxNzcyODM5ODkyNzQzLCJsYXRlc3RfYWN0aXZpdHlfYXQiOjE3NzI4Mzk4OTI3NDMsInNlc3Npb25faWQiOiIwMjhkMDU4MC1jMTU4LTQxMWMtYmMwZS0wNGY4OWZhZTMzOGMiLCJyb2xlIjoiTUFSS0VUX01BS0VSIiwiaXNzIjoiaHR0cHM6Ly91YXQtZnJhbmtmdXJ0LnByZWQuYXBwL2F1dGgiLCJzdWIiOiJlODUzNzliZC0yZDE3LTQxNDAtOWY1ZC00YWI2OGViODQ3ZGQiLCJhdWQiOlsiYXV0aCJdLCJleHAiOjE4MDQzNzU4OTIsIm5iZiI6MTc3MjgzOTg5MiwiaWF0IjoxNzcyODM5ODkyfQ.gYz1TdCWohZNtO4QLr9qEfgVuK4e6dvbhb9B9TyBgN2Uh0Fl8sDpzMJJauAVZ9tjL3jOPc1uifDcnF-3qakYrgXaXjTaK1aUvNDUOxBWcgE9PkuLLxWQXaaQd6crmIIAduwJMJ_PdMz81rlj-ny4y8FBg6gjn3gkAdjbceNg_unygOgx3BRfRVbnhATd7jzBcOeLkkdYrpZg8HOH-NaNBfjA7qt9Um8IcO__i5Ejbuwn7dTnSfinFjOTIWkCacISxmxe8jnKHX1tmuOUYNC3TDoHLAUHFaQsKbQIOOK6fY4KY0e2F0kzAEzvUa3uypG5jIpymIpsBsXmsYe-1NwXsw
05:01:41.773 [main] DEBUG com.pred.apitests.filters.LoggingFilter --   Header: Content-Type: application/json
05:01:42.280 [main] DEBUG com.pred.apitests.filters.LoggingFilter -- Response: status=200
05:01:42.280 [main] DEBUG com.pred.apitests.filters.LoggingFilter --   Body: {"success":true,"total_invested":"0","total_to_win":"0","position_league_summary":[],"positions":[]}
05:01:42.284 [main] DEBUG com.pred.apitests.filters.LoggingFilter -- Request: POST http://localhost:5050
05:01:42.284 [main] DEBUG com.pred.apitests.filters.LoggingFilter --   Header: Accept: application/json, application/javascript, text/javascript, text/json
05:01:42.285 [main] DEBUG com.pred.apitests.filters.LoggingFilter --   Header: Content-Type: application/json
05:01:42.285 [main] DEBUG com.pred.apitests.filters.LoggingFilter --   Body: {"salt":"1772839902281","price":"30","quantity":"100","intent":0,"maker":"0x54c7d8B0808357486Ef6bddE7475e06146B3fa90","signer":"0x0d248E2d6cD3E815d64274d5B3F37771588285B6","questionId":"0x0b5e4867f18d734efa40ff8c9144393e0fda072f90d865a2a8b086c02ccbb900","feeRateBps":0,"signatureType":2,"taker":"0x0000000000000000000000000000000000000000","expiration":"0","nonce":"0","priceInCents":false,"timestamp":1772839902,"privateKey":"****"}
05:01:42.292 [main] DEBUG com.pred.apitests.filters.LoggingFilter -- Response: status=200
05:01:42.292 [main] DEBUG com.pred.apitests.filters.LoggingFilter --   Body: {"ok":true,"signature":"0x2b4aceff3649d049941c6103a0146aa8d900f8ae84e5850991da5e830a23f21a31279cd229124d54a5dae6586b0a5f347d4f4b77df2e0498f98d72ae9f28b02b1b","eoa_address":"0x0d248E2d6cD3E815d64274d5B3F37771588285B6","maker":"0x54c7d8B0808357486Ef6bddE7475e06146B3fa90","signer":"0x0d248E2d6cD3E815d64274d5B3F37771588285B6","signed_message":{"salt":"1772839902281","maker":"0x54c7d8B0808357486Ef6bddE7475e06146B3fa90","signer":"0x0d248E2d6cD3E815d64274d5B3F37771588285B6","taker":"0x00000000000000000...
05:01:42.296 [main] DEBUG com.pred.apitests.filters.LoggingFilter -- Request: POST https://uat-frankfurt.pred.app
05:01:42.296 [main] DEBUG com.pred.apitests.filters.LoggingFilter --   Header: Accept: application/json, application/javascript, text/javascript, text/json
05:01:42.296 [main] DEBUG com.pred.apitests.filters.LoggingFilter --   Header: Authorization: ****
05:01:42.296 [main] DEBUG com.pred.apitests.filters.LoggingFilter --   Header: Cookie: refresh_token=eyJhbGciOiJSUzI1NiIsInR5cCI6IkpXVCJ9.eyJ1c2VyX2lkIjoiZTg1Mzc5YmQtMmQxNy00MTQwLTlmNWQtNGFiNjhlYjg0N2RkIiwidG9rZW5fdHlwZSI6InJlZnJlc2giLCJvcmlnaW5hbF9jcmVhdGVkX2F0IjoxNzcyODM5ODkyNzQzLCJsYXRlc3RfYWN0aXZpdHlfYXQiOjE3NzI4Mzk4OTI3NDMsInNlc3Npb25faWQiOiIwMjhkMDU4MC1jMTU4LTQxMWMtYmMwZS0wNGY4OWZhZTMzOGMiLCJyb2xlIjoiTUFSS0VUX01BS0VSIiwiaXNzIjoiaHR0cHM6Ly91YXQtZnJhbmtmdXJ0LnByZWQuYXBwL2F1dGgiLCJzdWIiOiJlODUzNzliZC0yZDE3LTQxNDAtOWY1ZC00YWI2OGViODQ3ZGQiLCJhdWQiOlsiYXV0aCJdLCJleHAiOjE4MDQzNzU4OTIsIm5iZiI6MTc3MjgzOTg5MiwiaWF0IjoxNzcyODM5ODkyfQ.gYz1TdCWohZNtO4QLr9qEfgVuK4e6dvbhb9B9TyBgN2Uh0Fl8sDpzMJJauAVZ9tjL3jOPc1uifDcnF-3qakYrgXaXjTaK1aUvNDUOxBWcgE9PkuLLxWQXaaQd6crmIIAduwJMJ_PdMz81rlj-ny4y8FBg6gjn3gkAdjbceNg_unygOgx3BRfRVbnhATd7jzBcOeLkkdYrpZg8HOH-NaNBfjA7qt9Um8IcO__i5Ejbuwn7dTnSfinFjOTIWkCacISxmxe8jnKHX1tmuOUYNC3TDoHLAUHFaQsKbQIOOK6fY4KY0e2F0kzAEzvUa3uypG5jIpymIpsBsXmsYe-1NwXsw
05:01:42.296 [main] DEBUG com.pred.apitests.filters.LoggingFilter --   Header: X-Wallet-Address: 0x0d248E2d6cD3E815d64274d5B3F37771588285B6
05:01:42.296 [main] DEBUG com.pred.apitests.filters.LoggingFilter --   Header: X-Proxy-Address: 0x54c7d8B0808357486Ef6bddE7475e06146B3fa90
05:01:42.296 [main] DEBUG com.pred.apitests.filters.LoggingFilter --   Header: Content-Type: application/json
05:01:42.296 [main] DEBUG com.pred.apitests.filters.LoggingFilter --   Body: {"salt":"1772839902281","side":"long","price":"30","quantity":"100","amount":"30","signature":"****","type":"limit","timestamp":1772839902,"user_id":"e85379bd-2d17-4140-9f5d-4ab68eb847dd","market_id":"0x0b5e4867f18d734efa40ff8c9144393e0fda072f90d865a2a8b086c02ccbb900","token_id":"0x1234567890abcdef1234567890abcdef12345678","is_low_priority":false,"reduce_only":false,"fee_rate_bps":0}
05:01:42.798 [main] DEBUG com.pred.apitests.filters.LoggingFilter -- Response: status=202
05:01:42.798 [main] DEBUG com.pred.apitests.filters.LoggingFilter --   Body: {"status":"open_order","order_id":"e8d6af26-8aea-44a1-bf8b-13be14e8e8d6","message":"Order placed successfully","filled_quantity":"0"}
05:01:42.805 [main] DEBUG com.pred.apitests.filters.LoggingFilter -- Request: GET https://uat-frankfurt.pred.app
05:01:42.805 [main] DEBUG com.pred.apitests.filters.LoggingFilter --   Header: Accept: application/json, application/javascript, text/javascript, text/json
05:01:42.805 [main] DEBUG com.pred.apitests.filters.LoggingFilter --   Header: Authorization: ****
05:01:42.805 [main] DEBUG com.pred.apitests.filters.LoggingFilter --   Header: Cookie: refresh_token=eyJhbGciOiJSUzI1NiIsInR5cCI6IkpXVCJ9.eyJ1c2VyX2lkIjoiZTg1Mzc5YmQtMmQxNy00MTQwLTlmNWQtNGFiNjhlYjg0N2RkIiwidG9rZW5fdHlwZSI6InJlZnJlc2giLCJvcmlnaW5hbF9jcmVhdGVkX2F0IjoxNzcyODM5ODkyNzQzLCJsYXRlc3RfYWN0aXZpdHlfYXQiOjE3NzI4Mzk4OTI3NDMsInNlc3Npb25faWQiOiIwMjhkMDU4MC1jMTU4LTQxMWMtYmMwZS0wNGY4OWZhZTMzOGMiLCJyb2xlIjoiTUFSS0VUX01BS0VSIiwiaXNzIjoiaHR0cHM6Ly91YXQtZnJhbmtmdXJ0LnByZWQuYXBwL2F1dGgiLCJzdWIiOiJlODUzNzliZC0yZDE3LTQxNDAtOWY1ZC00YWI2OGViODQ3ZGQiLCJhdWQiOlsiYXV0aCJdLCJleHAiOjE4MDQzNzU4OTIsIm5iZiI6MTc3MjgzOTg5MiwiaWF0IjoxNzcyODM5ODkyfQ.gYz1TdCWohZNtO4QLr9qEfgVuK4e6dvbhb9B9TyBgN2Uh0Fl8sDpzMJJauAVZ9tjL3jOPc1uifDcnF-3qakYrgXaXjTaK1aUvNDUOxBWcgE9PkuLLxWQXaaQd6crmIIAduwJMJ_PdMz81rlj-ny4y8FBg6gjn3gkAdjbceNg_unygOgx3BRfRVbnhATd7jzBcOeLkkdYrpZg8HOH-NaNBfjA7qt9Um8IcO__i5Ejbuwn7dTnSfinFjOTIWkCacISxmxe8jnKHX1tmuOUYNC3TDoHLAUHFaQsKbQIOOK6fY4KY0e2F0kzAEzvUa3uypG5jIpymIpsBsXmsYe-1NwXsw
05:01:42.805 [main] DEBUG com.pred.apitests.filters.LoggingFilter --   Header: Content-Type: application/json
05:01:43.288 [main] DEBUG com.pred.apitests.filters.LoggingFilter -- Response: status=200
05:01:43.288 [main] DEBUG com.pred.apitests.filters.LoggingFilter --   Body: {"success":true,"usdc_balance":"33000000000","position_balance":"0"}
05:01:43.293 [main] DEBUG com.pred.apitests.filters.LoggingFilter -- Request: GET https://uat-frankfurt.pred.app
05:01:43.293 [main] DEBUG com.pred.apitests.filters.LoggingFilter --   Header: Accept: application/json, application/javascript, text/javascript, text/json
05:01:43.293 [main] DEBUG com.pred.apitests.filters.LoggingFilter --   Header: Authorization: ****
05:01:43.293 [main] DEBUG com.pred.apitests.filters.LoggingFilter --   Header: Cookie: refresh_token=eyJhbGciOiJSUzI1NiIsInR5cCI6IkpXVCJ9.eyJ1c2VyX2lkIjoiZTg1Mzc5YmQtMmQxNy00MTQwLTlmNWQtNGFiNjhlYjg0N2RkIiwidG9rZW5fdHlwZSI6InJlZnJlc2giLCJvcmlnaW5hbF9jcmVhdGVkX2F0IjoxNzcyODM5ODkyNzQzLCJsYXRlc3RfYWN0aXZpdHlfYXQiOjE3NzI4Mzk4OTI3NDMsInNlc3Npb25faWQiOiIwMjhkMDU4MC1jMTU4LTQxMWMtYmMwZS0wNGY4OWZhZTMzOGMiLCJyb2xlIjoiTUFSS0VUX01BS0VSIiwiaXNzIjoiaHR0cHM6Ly91YXQtZnJhbmtmdXJ0LnByZWQuYXBwL2F1dGgiLCJzdWIiOiJlODUzNzliZC0yZDE3LTQxNDAtOWY1ZC00YWI2OGViODQ3ZGQiLCJhdWQiOlsiYXV0aCJdLCJleHAiOjE4MDQzNzU4OTIsIm5iZiI6MTc3MjgzOTg5MiwiaWF0IjoxNzcyODM5ODkyfQ.gYz1TdCWohZNtO4QLr9qEfgVuK4e6dvbhb9B9TyBgN2Uh0Fl8sDpzMJJauAVZ9tjL3jOPc1uifDcnF-3qakYrgXaXjTaK1aUvNDUOxBWcgE9PkuLLxWQXaaQd6crmIIAduwJMJ_PdMz81rlj-ny4y8FBg6gjn3gkAdjbceNg_unygOgx3BRfRVbnhATd7jzBcOeLkkdYrpZg8HOH-NaNBfjA7qt9Um8IcO__i5Ejbuwn7dTnSfinFjOTIWkCacISxmxe8jnKHX1tmuOUYNC3TDoHLAUHFaQsKbQIOOK6fY4KY0e2F0kzAEzvUa3uypG5jIpymIpsBsXmsYe-1NwXsw
05:01:43.293 [main] DEBUG com.pred.apitests.filters.LoggingFilter --   Header: Content-Type: application/json
05:01:43.806 [main] DEBUG com.pred.apitests.filters.LoggingFilter -- Response: status=200
05:01:43.806 [main] DEBUG com.pred.apitests.filters.LoggingFilter --   Body: {"user_id":"e85379bd-2d17-4140-9f5d-4ab68eb847dd","realized_pnl":"0","unrealized_pnl":"0","total_pnl":"0"}
05:01:43.808 [main] DEBUG com.pred.apitests.filters.LoggingFilter -- Request: GET https://uat-frankfurt.pred.app
05:01:43.808 [main] DEBUG com.pred.apitests.filters.LoggingFilter --   Header: Accept: application/json, application/javascript, text/javascript, text/json
05:01:43.808 [main] DEBUG com.pred.apitests.filters.LoggingFilter --   Header: Authorization: ****
05:01:43.808 [main] DEBUG com.pred.apitests.filters.LoggingFilter --   Header: Cookie: refresh_token=eyJhbGciOiJSUzI1NiIsInR5cCI6IkpXVCJ9.eyJ1c2VyX2lkIjoiZTg1Mzc5YmQtMmQxNy00MTQwLTlmNWQtNGFiNjhlYjg0N2RkIiwidG9rZW5fdHlwZSI6InJlZnJlc2giLCJvcmlnaW5hbF9jcmVhdGVkX2F0IjoxNzcyODM5ODkyNzQzLCJsYXRlc3RfYWN0aXZpdHlfYXQiOjE3NzI4Mzk4OTI3NDMsInNlc3Npb25faWQiOiIwMjhkMDU4MC1jMTU4LTQxMWMtYmMwZS0wNGY4OWZhZTMzOGMiLCJyb2xlIjoiTUFSS0VUX01BS0VSIiwiaXNzIjoiaHR0cHM6Ly91YXQtZnJhbmtmdXJ0LnByZWQuYXBwL2F1dGgiLCJzdWIiOiJlODUzNzliZC0yZDE3LTQxNDAtOWY1ZC00YWI2OGViODQ3ZGQiLCJhdWQiOlsiYXV0aCJdLCJleHAiOjE4MDQzNzU4OTIsIm5iZiI6MTc3MjgzOTg5MiwiaWF0IjoxNzcyODM5ODkyfQ.gYz1TdCWohZNtO4QLr9qEfgVuK4e6dvbhb9B9TyBgN2Uh0Fl8sDpzMJJauAVZ9tjL3jOPc1uifDcnF-3qakYrgXaXjTaK1aUvNDUOxBWcgE9PkuLLxWQXaaQd6crmIIAduwJMJ_PdMz81rlj-ny4y8FBg6gjn3gkAdjbceNg_unygOgx3BRfRVbnhATd7jzBcOeLkkdYrpZg8HOH-NaNBfjA7qt9Um8IcO__i5Ejbuwn7dTnSfinFjOTIWkCacISxmxe8jnKHX1tmuOUYNC3TDoHLAUHFaQsKbQIOOK6fY4KY0e2F0kzAEzvUa3uypG5jIpymIpsBsXmsYe-1NwXsw
05:01:43.808 [main] DEBUG com.pred.apitests.filters.LoggingFilter --   Header: Content-Type: application/json
05:01:44.293 [main] DEBUG com.pred.apitests.filters.LoggingFilter -- Response: status=200
05:01:44.293 [main] DEBUG com.pred.apitests.filters.LoggingFilter --   Body: {"success":true,"total_invested":"0","total_to_win":"0","position_league_summary":[],"positions":[]}
05:01:44.297 [main] DEBUG com.pred.apitests.filters.LoggingFilter -- Request: DELETE https://uat-frankfurt.pred.app
05:01:44.297 [main] DEBUG com.pred.apitests.filters.LoggingFilter --   Header: Accept: application/json, application/javascript, text/javascript, text/json
05:01:44.297 [main] DEBUG com.pred.apitests.filters.LoggingFilter --   Header: Authorization: ****
05:01:44.297 [main] DEBUG com.pred.apitests.filters.LoggingFilter --   Header: Cookie: refresh_token=eyJhbGciOiJSUzI1NiIsInR5cCI6IkpXVCJ9.eyJ1c2VyX2lkIjoiZTg1Mzc5YmQtMmQxNy00MTQwLTlmNWQtNGFiNjhlYjg0N2RkIiwidG9rZW5fdHlwZSI6InJlZnJlc2giLCJvcmlnaW5hbF9jcmVhdGVkX2F0IjoxNzcyODM5ODkyNzQzLCJsYXRlc3RfYWN0aXZpdHlfYXQiOjE3NzI4Mzk4OTI3NDMsInNlc3Npb25faWQiOiIwMjhkMDU4MC1jMTU4LTQxMWMtYmMwZS0wNGY4OWZhZTMzOGMiLCJyb2xlIjoiTUFSS0VUX01BS0VSIiwiaXNzIjoiaHR0cHM6Ly91YXQtZnJhbmtmdXJ0LnByZWQuYXBwL2F1dGgiLCJzdWIiOiJlODUzNzliZC0yZDE3LTQxNDAtOWY1ZC00YWI2OGViODQ3ZGQiLCJhdWQiOlsiYXV0aCJdLCJleHAiOjE4MDQzNzU4OTIsIm5iZiI6MTc3MjgzOTg5MiwiaWF0IjoxNzcyODM5ODkyfQ.gYz1TdCWohZNtO4QLr9qEfgVuK4e6dvbhb9B9TyBgN2Uh0Fl8sDpzMJJauAVZ9tjL3jOPc1uifDcnF-3qakYrgXaXjTaK1aUvNDUOxBWcgE9PkuLLxWQXaaQd6crmIIAduwJMJ_PdMz81rlj-ny4y8FBg6gjn3gkAdjbceNg_unygOgx3BRfRVbnhATd7jzBcOeLkkdYrpZg8HOH-NaNBfjA7qt9Um8IcO__i5Ejbuwn7dTnSfinFjOTIWkCacISxmxe8jnKHX1tmuOUYNC3TDoHLAUHFaQsKbQIOOK6fY4KY0e2F0kzAEzvUa3uypG5jIpymIpsBsXmsYe-1NwXsw
05:01:44.297 [main] DEBUG com.pred.apitests.filters.LoggingFilter --   Header: Content-Type: application/json
05:01:44.297 [main] DEBUG com.pred.apitests.filters.LoggingFilter --   Body: {"order_id":"e8d6af26-8aea-44a1-bf8b-13be14e8e8d6","market_id":"0x0b5e4867f18d734efa40ff8c9144393e0fda072f90d865a2a8b086c02ccbb900"}
05:01:44.784 [main] DEBUG com.pred.apitests.filters.LoggingFilter -- Response: status=200
05:01:44.785 [main] DEBUG com.pred.apitests.filters.LoggingFilter --   Body: {"status":"user_cancelled","order_id":"e8d6af26-8aea-44a1-bf8b-13be14e8e8d6","message":"Order cancellation submitted successfully"}
05:01:44.787 [main] DEBUG com.pred.apitests.filters.LoggingFilter -- Request: GET https://uat-frankfurt.pred.app
05:01:44.787 [main] DEBUG com.pred.apitests.filters.LoggingFilter --   Header: Accept: application/json, application/javascript, text/javascript, text/json
05:01:44.787 [main] DEBUG com.pred.apitests.filters.LoggingFilter --   Header: Authorization: ****
05:01:44.787 [main] DEBUG com.pred.apitests.filters.LoggingFilter --   Header: Cookie: refresh_token=eyJhbGciOiJSUzI1NiIsInR5cCI6IkpXVCJ9.eyJ1c2VyX2lkIjoiZTg1Mzc5YmQtMmQxNy00MTQwLTlmNWQtNGFiNjhlYjg0N2RkIiwidG9rZW5fdHlwZSI6InJlZnJlc2giLCJvcmlnaW5hbF9jcmVhdGVkX2F0IjoxNzcyODM5ODkyNzQzLCJsYXRlc3RfYWN0aXZpdHlfYXQiOjE3NzI4Mzk4OTI3NDMsInNlc3Npb25faWQiOiIwMjhkMDU4MC1jMTU4LTQxMWMtYmMwZS0wNGY4OWZhZTMzOGMiLCJyb2xlIjoiTUFSS0VUX01BS0VSIiwiaXNzIjoiaHR0cHM6Ly91YXQtZnJhbmtmdXJ0LnByZWQuYXBwL2F1dGgiLCJzdWIiOiJlODUzNzliZC0yZDE3LTQxNDAtOWY1ZC00YWI2OGViODQ3ZGQiLCJhdWQiOlsiYXV0aCJdLCJleHAiOjE4MDQzNzU4OTIsIm5iZiI6MTc3MjgzOTg5MiwiaWF0IjoxNzcyODM5ODkyfQ.gYz1TdCWohZNtO4QLr9qEfgVuK4e6dvbhb9B9TyBgN2Uh0Fl8sDpzMJJauAVZ9tjL3jOPc1uifDcnF-3qakYrgXaXjTaK1aUvNDUOxBWcgE9PkuLLxWQXaaQd6crmIIAduwJMJ_PdMz81rlj-ny4y8FBg6gjn3gkAdjbceNg_unygOgx3BRfRVbnhATd7jzBcOeLkkdYrpZg8HOH-NaNBfjA7qt9Um8IcO__i5Ejbuwn7dTnSfinFjOTIWkCacISxmxe8jnKHX1tmuOUYNC3TDoHLAUHFaQsKbQIOOK6fY4KY0e2F0kzAEzvUa3uypG5jIpymIpsBsXmsYe-1NwXsw
05:01:44.787 [main] DEBUG com.pred.apitests.filters.LoggingFilter --   Header: Content-Type: application/json
05:01:45.258 [main] DEBUG com.pred.apitests.filters.LoggingFilter -- Response: status=200
05:01:45.258 [main] DEBUG com.pred.apitests.filters.LoggingFilter --   Body: {"success":true,"usdc_balance":"33000000000","position_balance":"0"}
05:01:45.259 [main] DEBUG com.pred.apitests.filters.LoggingFilter -- Request: GET https://uat-frankfurt.pred.app
05:01:45.259 [main] DEBUG com.pred.apitests.filters.LoggingFilter --   Header: Accept: application/json, application/javascript, text/javascript, text/json
05:01:45.259 [main] DEBUG com.pred.apitests.filters.LoggingFilter --   Header: Authorization: ****
05:01:45.259 [main] DEBUG com.pred.apitests.filters.LoggingFilter --   Header: Cookie: refresh_token=eyJhbGciOiJSUzI1NiIsInR5cCI6IkpXVCJ9.eyJ1c2VyX2lkIjoiZTg1Mzc5YmQtMmQxNy00MTQwLTlmNWQtNGFiNjhlYjg0N2RkIiwidG9rZW5fdHlwZSI6InJlZnJlc2giLCJvcmlnaW5hbF9jcmVhdGVkX2F0IjoxNzcyODM5ODkyNzQzLCJsYXRlc3RfYWN0aXZpdHlfYXQiOjE3NzI4Mzk4OTI3NDMsInNlc3Npb25faWQiOiIwMjhkMDU4MC1jMTU4LTQxMWMtYmMwZS0wNGY4OWZhZTMzOGMiLCJyb2xlIjoiTUFSS0VUX01BS0VSIiwiaXNzIjoiaHR0cHM6Ly91YXQtZnJhbmtmdXJ0LnByZWQuYXBwL2F1dGgiLCJzdWIiOiJlODUzNzliZC0yZDE3LTQxNDAtOWY1ZC00YWI2OGViODQ3ZGQiLCJhdWQiOlsiYXV0aCJdLCJleHAiOjE4MDQzNzU4OTIsIm5iZiI6MTc3MjgzOTg5MiwiaWF0IjoxNzcyODM5ODkyfQ.gYz1TdCWohZNtO4QLr9qEfgVuK4e6dvbhb9B9TyBgN2Uh0Fl8sDpzMJJauAVZ9tjL3jOPc1uifDcnF-3qakYrgXaXjTaK1aUvNDUOxBWcgE9PkuLLxWQXaaQd6crmIIAduwJMJ_PdMz81rlj-ny4y8FBg6gjn3gkAdjbceNg_unygOgx3BRfRVbnhATd7jzBcOeLkkdYrpZg8HOH-NaNBfjA7qt9Um8IcO__i5Ejbuwn7dTnSfinFjOTIWkCacISxmxe8jnKHX1tmuOUYNC3TDoHLAUHFaQsKbQIOOK6fY4KY0e2F0kzAEzvUa3uypG5jIpymIpsBsXmsYe-1NwXsw
05:01:45.259 [main] DEBUG com.pred.apitests.filters.LoggingFilter --   Header: Content-Type: application/json
05:01:45.794 [main] DEBUG com.pred.apitests.filters.LoggingFilter -- Response: status=200
05:01:45.794 [main] DEBUG com.pred.apitests.filters.LoggingFilter --   Body: {"user_id":"e85379bd-2d17-4140-9f5d-4ab68eb847dd","realized_pnl":"0","unrealized_pnl":"0","total_pnl":"0"}
05:01:45.796 [main] DEBUG com.pred.apitests.filters.LoggingFilter -- Request: GET https://uat-frankfurt.pred.app
05:01:45.796 [main] DEBUG com.pred.apitests.filters.LoggingFilter --   Header: Accept: application/json, application/javascript, text/javascript, text/json
05:01:45.796 [main] DEBUG com.pred.apitests.filters.LoggingFilter --   Header: Authorization: ****
05:01:45.796 [main] DEBUG com.pred.apitests.filters.LoggingFilter --   Header: Cookie: refresh_token=eyJhbGciOiJSUzI1NiIsInR5cCI6IkpXVCJ9.eyJ1c2VyX2lkIjoiZTg1Mzc5YmQtMmQxNy00MTQwLTlmNWQtNGFiNjhlYjg0N2RkIiwidG9rZW5fdHlwZSI6InJlZnJlc2giLCJvcmlnaW5hbF9jcmVhdGVkX2F0IjoxNzcyODM5ODkyNzQzLCJsYXRlc3RfYWN0aXZpdHlfYXQiOjE3NzI4Mzk4OTI3NDMsInNlc3Npb25faWQiOiIwMjhkMDU4MC1jMTU4LTQxMWMtYmMwZS0wNGY4OWZhZTMzOGMiLCJyb2xlIjoiTUFSS0VUX01BS0VSIiwiaXNzIjoiaHR0cHM6Ly91YXQtZnJhbmtmdXJ0LnByZWQuYXBwL2F1dGgiLCJzdWIiOiJlODUzNzliZC0yZDE3LTQxNDAtOWY1ZC00YWI2OGViODQ3ZGQiLCJhdWQiOlsiYXV0aCJdLCJleHAiOjE4MDQzNzU4OTIsIm5iZiI6MTc3MjgzOTg5MiwiaWF0IjoxNzcyODM5ODkyfQ.gYz1TdCWohZNtO4QLr9qEfgVuK4e6dvbhb9B9TyBgN2Uh0Fl8sDpzMJJauAVZ9tjL3jOPc1uifDcnF-3qakYrgXaXjTaK1aUvNDUOxBWcgE9PkuLLxWQXaaQd6crmIIAduwJMJ_PdMz81rlj-ny4y8FBg6gjn3gkAdjbceNg_unygOgx3BRfRVbnhATd7jzBcOeLkkdYrpZg8HOH-NaNBfjA7qt9Um8IcO__i5Ejbuwn7dTnSfinFjOTIWkCacISxmxe8jnKHX1tmuOUYNC3TDoHLAUHFaQsKbQIOOK6fY4KY0e2F0kzAEzvUa3uypG5jIpymIpsBsXmsYe-1NwXsw
05:01:45.796 [main] DEBUG com.pred.apitests.filters.LoggingFilter --   Header: Content-Type: application/json
05:01:46.303 [main] DEBUG com.pred.apitests.filters.LoggingFilter -- Response: status=200
05:01:46.303 [main] DEBUG com.pred.apitests.filters.LoggingFilter --   Body: {"success":true,"total_invested":"0","total_to_win":"0","position_league_summary":[],"positions":[]}
05:01:46.303 [main] INFO com.pred.apitests.listeners.TestListener -- Test passed: flow_placeTwoOrders_cancelSecond_withBalancePnlPositionsChecks
05:01:46.308 [main] INFO com.pred.apitests.listeners.TestListener -- Test started: placeOrder_balanceBeforeAndAfterReflectsOrder
05:01:46.308 [main] DEBUG com.pred.apitests.filters.LoggingFilter -- Request: GET https://uat-frankfurt.pred.app
05:01:46.308 [main] DEBUG com.pred.apitests.filters.LoggingFilter --   Header: Accept: application/json, application/javascript, text/javascript, text/json
05:01:46.308 [main] DEBUG com.pred.apitests.filters.LoggingFilter --   Header: Authorization: ****
05:01:46.308 [main] DEBUG com.pred.apitests.filters.LoggingFilter --   Header: Cookie: refresh_token=eyJhbGciOiJSUzI1NiIsInR5cCI6IkpXVCJ9.eyJ1c2VyX2lkIjoiZTg1Mzc5YmQtMmQxNy00MTQwLTlmNWQtNGFiNjhlYjg0N2RkIiwidG9rZW5fdHlwZSI6InJlZnJlc2giLCJvcmlnaW5hbF9jcmVhdGVkX2F0IjoxNzcyODM5ODkyNzQzLCJsYXRlc3RfYWN0aXZpdHlfYXQiOjE3NzI4Mzk4OTI3NDMsInNlc3Npb25faWQiOiIwMjhkMDU4MC1jMTU4LTQxMWMtYmMwZS0wNGY4OWZhZTMzOGMiLCJyb2xlIjoiTUFSS0VUX01BS0VSIiwiaXNzIjoiaHR0cHM6Ly91YXQtZnJhbmtmdXJ0LnByZWQuYXBwL2F1dGgiLCJzdWIiOiJlODUzNzliZC0yZDE3LTQxNDAtOWY1ZC00YWI2OGViODQ3ZGQiLCJhdWQiOlsiYXV0aCJdLCJleHAiOjE4MDQzNzU4OTIsIm5iZiI6MTc3MjgzOTg5MiwiaWF0IjoxNzcyODM5ODkyfQ.gYz1TdCWohZNtO4QLr9qEfgVuK4e6dvbhb9B9TyBgN2Uh0Fl8sDpzMJJauAVZ9tjL3jOPc1uifDcnF-3qakYrgXaXjTaK1aUvNDUOxBWcgE9PkuLLxWQXaaQd6crmIIAduwJMJ_PdMz81rlj-ny4y8FBg6gjn3gkAdjbceNg_unygOgx3BRfRVbnhATd7jzBcOeLkkdYrpZg8HOH-NaNBfjA7qt9Um8IcO__i5Ejbuwn7dTnSfinFjOTIWkCacISxmxe8jnKHX1tmuOUYNC3TDoHLAUHFaQsKbQIOOK6fY4KY0e2F0kzAEzvUa3uypG5jIpymIpsBsXmsYe-1NwXsw
05:01:46.308 [main] DEBUG com.pred.apitests.filters.LoggingFilter --   Header: Content-Type: application/json
05:01:46.773 [main] DEBUG com.pred.apitests.filters.LoggingFilter -- Response: status=200
05:01:46.774 [main] DEBUG com.pred.apitests.filters.LoggingFilter --   Body: {"success":true,"usdc_balance":"33000000000","position_balance":"0"}
05:01:46.775 [main] DEBUG com.pred.apitests.filters.LoggingFilter -- Request: GET https://uat-frankfurt.pred.app
05:01:46.775 [main] DEBUG com.pred.apitests.filters.LoggingFilter --   Header: Accept: application/json, application/javascript, text/javascript, text/json
05:01:46.775 [main] DEBUG com.pred.apitests.filters.LoggingFilter --   Header: Authorization: ****
05:01:46.775 [main] DEBUG com.pred.apitests.filters.LoggingFilter --   Header: Cookie: refresh_token=eyJhbGciOiJSUzI1NiIsInR5cCI6IkpXVCJ9.eyJ1c2VyX2lkIjoiZTg1Mzc5YmQtMmQxNy00MTQwLTlmNWQtNGFiNjhlYjg0N2RkIiwidG9rZW5fdHlwZSI6InJlZnJlc2giLCJvcmlnaW5hbF9jcmVhdGVkX2F0IjoxNzcyODM5ODkyNzQzLCJsYXRlc3RfYWN0aXZpdHlfYXQiOjE3NzI4Mzk4OTI3NDMsInNlc3Npb25faWQiOiIwMjhkMDU4MC1jMTU4LTQxMWMtYmMwZS0wNGY4OWZhZTMzOGMiLCJyb2xlIjoiTUFSS0VUX01BS0VSIiwiaXNzIjoiaHR0cHM6Ly91YXQtZnJhbmtmdXJ0LnByZWQuYXBwL2F1dGgiLCJzdWIiOiJlODUzNzliZC0yZDE3LTQxNDAtOWY1ZC00YWI2OGViODQ3ZGQiLCJhdWQiOlsiYXV0aCJdLCJleHAiOjE4MDQzNzU4OTIsIm5iZiI6MTc3MjgzOTg5MiwiaWF0IjoxNzcyODM5ODkyfQ.gYz1TdCWohZNtO4QLr9qEfgVuK4e6dvbhb9B9TyBgN2Uh0Fl8sDpzMJJauAVZ9tjL3jOPc1uifDcnF-3qakYrgXaXjTaK1aUvNDUOxBWcgE9PkuLLxWQXaaQd6crmIIAduwJMJ_PdMz81rlj-ny4y8FBg6gjn3gkAdjbceNg_unygOgx3BRfRVbnhATd7jzBcOeLkkdYrpZg8HOH-NaNBfjA7qt9Um8IcO__i5Ejbuwn7dTnSfinFjOTIWkCacISxmxe8jnKHX1tmuOUYNC3TDoHLAUHFaQsKbQIOOK6fY4KY0e2F0kzAEzvUa3uypG5jIpymIpsBsXmsYe-1NwXsw
05:01:46.775 [main] DEBUG com.pred.apitests.filters.LoggingFilter --   Header: Content-Type: application/json
05:01:47.247 [main] DEBUG com.pred.apitests.filters.LoggingFilter -- Response: status=200
05:01:47.247 [main] DEBUG com.pred.apitests.filters.LoggingFilter --   Body: {"success":true,"usdc_balance":"32999998980","position_balance":"0"}
Balance BEFORE (overall): success=true usdc_balance=33000000000 position_balance=0 reserved_balance=null available_balance=null total_balance=null
Balance BEFORE (by market): success=true usdc_balance=32999998980 position_balance=0 reserved_balance=null available_balance=null total_balance=null
05:01:47.252 [main] DEBUG com.pred.apitests.filters.LoggingFilter -- Request: POST http://localhost:5050
05:01:47.252 [main] DEBUG com.pred.apitests.filters.LoggingFilter --   Header: Accept: application/json, application/javascript, text/javascript, text/json
05:01:47.252 [main] DEBUG com.pred.apitests.filters.LoggingFilter --   Header: Content-Type: application/json
05:01:47.252 [main] DEBUG com.pred.apitests.filters.LoggingFilter --   Body: {"salt":"1772839907251","price":"30","quantity":"100","intent":0,"maker":"0x54c7d8B0808357486Ef6bddE7475e06146B3fa90","signer":"0x0d248E2d6cD3E815d64274d5B3F37771588285B6","questionId":"0x0b5e4867f18d734efa40ff8c9144393e0fda072f90d865a2a8b086c02ccbb900","feeRateBps":0,"signatureType":2,"taker":"0x0000000000000000000000000000000000000000","expiration":"0","nonce":"0","priceInCents":false,"timestamp":1772839907,"privateKey":"****"}
05:01:47.258 [main] DEBUG com.pred.apitests.filters.LoggingFilter -- Response: status=200
05:01:47.258 [main] DEBUG com.pred.apitests.filters.LoggingFilter --   Body: {"ok":true,"signature":"0xd4c308d099e2447cb52e7de550d224775bf44d2432b369e576b4bb48a2f4e3a46f391dbb9a128040285b878d346117c9485e9a66f9b573a64e45c8a6191601181b","eoa_address":"0x0d248E2d6cD3E815d64274d5B3F37771588285B6","maker":"0x54c7d8B0808357486Ef6bddE7475e06146B3fa90","signer":"0x0d248E2d6cD3E815d64274d5B3F37771588285B6","signed_message":{"salt":"1772839907251","maker":"0x54c7d8B0808357486Ef6bddE7475e06146B3fa90","signer":"0x0d248E2d6cD3E815d64274d5B3F37771588285B6","taker":"0x00000000000000000...
05:01:47.260 [main] DEBUG com.pred.apitests.filters.LoggingFilter -- Request: POST https://uat-frankfurt.pred.app
05:01:47.260 [main] DEBUG com.pred.apitests.filters.LoggingFilter --   Header: Accept: application/json, application/javascript, text/javascript, text/json
05:01:47.260 [main] DEBUG com.pred.apitests.filters.LoggingFilter --   Header: Authorization: ****
05:01:47.260 [main] DEBUG com.pred.apitests.filters.LoggingFilter --   Header: Cookie: refresh_token=eyJhbGciOiJSUzI1NiIsInR5cCI6IkpXVCJ9.eyJ1c2VyX2lkIjoiZTg1Mzc5YmQtMmQxNy00MTQwLTlmNWQtNGFiNjhlYjg0N2RkIiwidG9rZW5fdHlwZSI6InJlZnJlc2giLCJvcmlnaW5hbF9jcmVhdGVkX2F0IjoxNzcyODM5ODkyNzQzLCJsYXRlc3RfYWN0aXZpdHlfYXQiOjE3NzI4Mzk4OTI3NDMsInNlc3Npb25faWQiOiIwMjhkMDU4MC1jMTU4LTQxMWMtYmMwZS0wNGY4OWZhZTMzOGMiLCJyb2xlIjoiTUFSS0VUX01BS0VSIiwiaXNzIjoiaHR0cHM6Ly91YXQtZnJhbmtmdXJ0LnByZWQuYXBwL2F1dGgiLCJzdWIiOiJlODUzNzliZC0yZDE3LTQxNDAtOWY1ZC00YWI2OGViODQ3ZGQiLCJhdWQiOlsiYXV0aCJdLCJleHAiOjE4MDQzNzU4OTIsIm5iZiI6MTc3MjgzOTg5MiwiaWF0IjoxNzcyODM5ODkyfQ.gYz1TdCWohZNtO4QLr9qEfgVuK4e6dvbhb9B9TyBgN2Uh0Fl8sDpzMJJauAVZ9tjL3jOPc1uifDcnF-3qakYrgXaXjTaK1aUvNDUOxBWcgE9PkuLLxWQXaaQd6crmIIAduwJMJ_PdMz81rlj-ny4y8FBg6gjn3gkAdjbceNg_unygOgx3BRfRVbnhATd7jzBcOeLkkdYrpZg8HOH-NaNBfjA7qt9Um8IcO__i5Ejbuwn7dTnSfinFjOTIWkCacISxmxe8jnKHX1tmuOUYNC3TDoHLAUHFaQsKbQIOOK6fY4KY0e2F0kzAEzvUa3uypG5jIpymIpsBsXmsYe-1NwXsw
05:01:47.260 [main] DEBUG com.pred.apitests.filters.LoggingFilter --   Header: X-Wallet-Address: 0x0d248E2d6cD3E815d64274d5B3F37771588285B6
05:01:47.260 [main] DEBUG com.pred.apitests.filters.LoggingFilter --   Header: X-Proxy-Address: 0x54c7d8B0808357486Ef6bddE7475e06146B3fa90
05:01:47.260 [main] DEBUG com.pred.apitests.filters.LoggingFilter --   Header: Content-Type: application/json
05:01:47.260 [main] DEBUG com.pred.apitests.filters.LoggingFilter --   Body: {"salt":"1772839907251","side":"long","price":"30","quantity":"100","amount":"30","signature":"****","type":"limit","timestamp":1772839907,"user_id":"e85379bd-2d17-4140-9f5d-4ab68eb847dd","market_id":"0x0b5e4867f18d734efa40ff8c9144393e0fda072f90d865a2a8b086c02ccbb900","token_id":"0x1234567890abcdef1234567890abcdef12345678","is_low_priority":false,"reduce_only":false,"fee_rate_bps":0}
05:01:47.754 [main] DEBUG com.pred.apitests.filters.LoggingFilter -- Response: status=202
05:01:47.755 [main] DEBUG com.pred.apitests.filters.LoggingFilter --   Body: {"status":"open_order","order_id":"c14fcd04-bcc8-4b8d-8590-a7652b2c4612","message":"Order placed successfully","filled_quantity":"0"}
05:01:47.757 [main] DEBUG com.pred.apitests.filters.LoggingFilter -- Request: GET https://uat-frankfurt.pred.app
05:01:47.757 [main] DEBUG com.pred.apitests.filters.LoggingFilter --   Header: Accept: application/json, application/javascript, text/javascript, text/json
05:01:47.757 [main] DEBUG com.pred.apitests.filters.LoggingFilter --   Header: Authorization: ****
05:01:47.757 [main] DEBUG com.pred.apitests.filters.LoggingFilter --   Header: Cookie: refresh_token=eyJhbGciOiJSUzI1NiIsInR5cCI6IkpXVCJ9.eyJ1c2VyX2lkIjoiZTg1Mzc5YmQtMmQxNy00MTQwLTlmNWQtNGFiNjhlYjg0N2RkIiwidG9rZW5fdHlwZSI6InJlZnJlc2giLCJvcmlnaW5hbF9jcmVhdGVkX2F0IjoxNzcyODM5ODkyNzQzLCJsYXRlc3RfYWN0aXZpdHlfYXQiOjE3NzI4Mzk4OTI3NDMsInNlc3Npb25faWQiOiIwMjhkMDU4MC1jMTU4LTQxMWMtYmMwZS0wNGY4OWZhZTMzOGMiLCJyb2xlIjoiTUFSS0VUX01BS0VSIiwiaXNzIjoiaHR0cHM6Ly91YXQtZnJhbmtmdXJ0LnByZWQuYXBwL2F1dGgiLCJzdWIiOiJlODUzNzliZC0yZDE3LTQxNDAtOWY1ZC00YWI2OGViODQ3ZGQiLCJhdWQiOlsiYXV0aCJdLCJleHAiOjE4MDQzNzU4OTIsIm5iZiI6MTc3MjgzOTg5MiwiaWF0IjoxNzcyODM5ODkyfQ.gYz1TdCWohZNtO4QLr9qEfgVuK4e6dvbhb9B9TyBgN2Uh0Fl8sDpzMJJauAVZ9tjL3jOPc1uifDcnF-3qakYrgXaXjTaK1aUvNDUOxBWcgE9PkuLLxWQXaaQd6crmIIAduwJMJ_PdMz81rlj-ny4y8FBg6gjn3gkAdjbceNg_unygOgx3BRfRVbnhATd7jzBcOeLkkdYrpZg8HOH-NaNBfjA7qt9Um8IcO__i5Ejbuwn7dTnSfinFjOTIWkCacISxmxe8jnKHX1tmuOUYNC3TDoHLAUHFaQsKbQIOOK6fY4KY0e2F0kzAEzvUa3uypG5jIpymIpsBsXmsYe-1NwXsw
05:01:47.757 [main] DEBUG com.pred.apitests.filters.LoggingFilter --   Header: Content-Type: application/json
05:01:48.276 [main] DEBUG com.pred.apitests.filters.LoggingFilter -- Response: status=200
05:01:48.276 [main] DEBUG com.pred.apitests.filters.LoggingFilter --   Body: {"success":true,"usdc_balance":"33000000000","position_balance":"0"}
05:01:48.278 [main] DEBUG com.pred.apitests.filters.LoggingFilter -- Request: GET https://uat-frankfurt.pred.app
05:01:48.278 [main] DEBUG com.pred.apitests.filters.LoggingFilter --   Header: Accept: application/json, application/javascript, text/javascript, text/json
05:01:48.278 [main] DEBUG com.pred.apitests.filters.LoggingFilter --   Header: Authorization: ****
05:01:48.278 [main] DEBUG com.pred.apitests.filters.LoggingFilter --   Header: Cookie: refresh_token=eyJhbGciOiJSUzI1NiIsInR5cCI6IkpXVCJ9.eyJ1c2VyX2lkIjoiZTg1Mzc5YmQtMmQxNy00MTQwLTlmNWQtNGFiNjhlYjg0N2RkIiwidG9rZW5fdHlwZSI6InJlZnJlc2giLCJvcmlnaW5hbF9jcmVhdGVkX2F0IjoxNzcyODM5ODkyNzQzLCJsYXRlc3RfYWN0aXZpdHlfYXQiOjE3NzI4Mzk4OTI3NDMsInNlc3Npb25faWQiOiIwMjhkMDU4MC1jMTU4LTQxMWMtYmMwZS0wNGY4OWZhZTMzOGMiLCJyb2xlIjoiTUFSS0VUX01BS0VSIiwiaXNzIjoiaHR0cHM6Ly91YXQtZnJhbmtmdXJ0LnByZWQuYXBwL2F1dGgiLCJzdWIiOiJlODUzNzliZC0yZDE3LTQxNDAtOWY1ZC00YWI2OGViODQ3ZGQiLCJhdWQiOlsiYXV0aCJdLCJleHAiOjE4MDQzNzU4OTIsIm5iZiI6MTc3MjgzOTg5MiwiaWF0IjoxNzcyODM5ODkyfQ.gYz1TdCWohZNtO4QLr9qEfgVuK4e6dvbhb9B9TyBgN2Uh0Fl8sDpzMJJauAVZ9tjL3jOPc1uifDcnF-3qakYrgXaXjTaK1aUvNDUOxBWcgE9PkuLLxWQXaaQd6crmIIAduwJMJ_PdMz81rlj-ny4y8FBg6gjn3gkAdjbceNg_unygOgx3BRfRVbnhATd7jzBcOeLkkdYrpZg8HOH-NaNBfjA7qt9Um8IcO__i5Ejbuwn7dTnSfinFjOTIWkCacISxmxe8jnKHX1tmuOUYNC3TDoHLAUHFaQsKbQIOOK6fY4KY0e2F0kzAEzvUa3uypG5jIpymIpsBsXmsYe-1NwXsw
05:01:48.278 [main] DEBUG com.pred.apitests.filters.LoggingFilter --   Header: Content-Type: application/json
05:01:48.752 [main] DEBUG com.pred.apitests.filters.LoggingFilter -- Response: status=200
05:01:48.753 [main] DEBUG com.pred.apitests.filters.LoggingFilter --   Body: {"success":true,"usdc_balance":"32999998950","position_balance":"0"}
Balance AFTER (overall): success=true usdc_balance=33000000000 position_balance=0 reserved_balance=null available_balance=null total_balance=null
Balance AFTER (by market): success=true usdc_balance=32999998950 position_balance=0 reserved_balance=null available_balance=null total_balance=null
05:01:48.764 [main] INFO com.pred.apitests.listeners.TestListener -- Test passed: placeOrder_balanceBeforeAndAfterReflectsOrder
05:01:48.777 [main] INFO com.pred.apitests.listeners.TestListener -- Test started: placeOrder_withInvalidSignature_returns4xx
05:01:48.782 [main] DEBUG com.pred.apitests.filters.LoggingFilter -- Request: POST https://uat-frankfurt.pred.app
05:01:48.783 [main] DEBUG com.pred.apitests.filters.LoggingFilter --   Header: Accept: application/json, application/javascript, text/javascript, text/json
05:01:48.783 [main] DEBUG com.pred.apitests.filters.LoggingFilter --   Header: Authorization: ****
05:01:48.783 [main] DEBUG com.pred.apitests.filters.LoggingFilter --   Header: Cookie: refresh_token=eyJhbGciOiJSUzI1NiIsInR5cCI6IkpXVCJ9.eyJ1c2VyX2lkIjoiZTg1Mzc5YmQtMmQxNy00MTQwLTlmNWQtNGFiNjhlYjg0N2RkIiwidG9rZW5fdHlwZSI6InJlZnJlc2giLCJvcmlnaW5hbF9jcmVhdGVkX2F0IjoxNzcyODM5ODkyNzQzLCJsYXRlc3RfYWN0aXZpdHlfYXQiOjE3NzI4Mzk4OTI3NDMsInNlc3Npb25faWQiOiIwMjhkMDU4MC1jMTU4LTQxMWMtYmMwZS0wNGY4OWZhZTMzOGMiLCJyb2xlIjoiTUFSS0VUX01BS0VSIiwiaXNzIjoiaHR0cHM6Ly91YXQtZnJhbmtmdXJ0LnByZWQuYXBwL2F1dGgiLCJzdWIiOiJlODUzNzliZC0yZDE3LTQxNDAtOWY1ZC00YWI2OGViODQ3ZGQiLCJhdWQiOlsiYXV0aCJdLCJleHAiOjE4MDQzNzU4OTIsIm5iZiI6MTc3MjgzOTg5MiwiaWF0IjoxNzcyODM5ODkyfQ.gYz1TdCWohZNtO4QLr9qEfgVuK4e6dvbhb9B9TyBgN2Uh0Fl8sDpzMJJauAVZ9tjL3jOPc1uifDcnF-3qakYrgXaXjTaK1aUvNDUOxBWcgE9PkuLLxWQXaaQd6crmIIAduwJMJ_PdMz81rlj-ny4y8FBg6gjn3gkAdjbceNg_unygOgx3BRfRVbnhATd7jzBcOeLkkdYrpZg8HOH-NaNBfjA7qt9Um8IcO__i5Ejbuwn7dTnSfinFjOTIWkCacISxmxe8jnKHX1tmuOUYNC3TDoHLAUHFaQsKbQIOOK6fY4KY0e2F0kzAEzvUa3uypG5jIpymIpsBsXmsYe-1NwXsw
05:01:48.783 [main] DEBUG com.pred.apitests.filters.LoggingFilter --   Header: X-Wallet-Address: 0x0d248E2d6cD3E815d64274d5B3F37771588285B6
05:01:48.783 [main] DEBUG com.pred.apitests.filters.LoggingFilter --   Header: X-Proxy-Address: 0x54c7d8B0808357486Ef6bddE7475e06146B3fa90
05:01:48.783 [main] DEBUG com.pred.apitests.filters.LoggingFilter --   Header: Content-Type: application/json
05:01:48.783 [main] DEBUG com.pred.apitests.filters.LoggingFilter --   Body: {"salt":"1772839908778","side":"long","price":"30","quantity":"100","amount":"30","signature":"****","type":"limit","timestamp":1772839908,"user_id":"e85379bd-2d17-4140-9f5d-4ab68eb847dd","market_id":"0x0b5e4867f18d734efa40ff8c9144393e0fda072f90d865a2a8b086c02ccbb900","token_id":"0x0000000000000000000000000000000000000000","is_low_priority":false,"reduce_only":false,"fee_rate_bps":0}
05:01:49.298 [main] DEBUG com.pred.apitests.filters.LoggingFilter -- Response: status=400
05:01:49.299 [main] DEBUG com.pred.apitests.filters.LoggingFilter --   Body: {"error":"signature validation failed: invalid signature length: expected 65 bytes, got 3"}
05:01:49.299 [main] INFO com.pred.apitests.listeners.TestListener -- Test passed: placeOrder_withInvalidSignature_returns4xx
05:01:49.305 [main] INFO com.pred.apitests.listeners.TestListener -- Test started: placeOrder_withValidSignature_returns202
05:01:49.309 [main] DEBUG com.pred.apitests.filters.LoggingFilter -- Request: POST http://localhost:5050
05:01:49.309 [main] DEBUG com.pred.apitests.filters.LoggingFilter --   Header: Accept: application/json, application/javascript, text/javascript, text/json
05:01:49.309 [main] DEBUG com.pred.apitests.filters.LoggingFilter --   Header: Content-Type: application/json
05:01:49.309 [main] DEBUG com.pred.apitests.filters.LoggingFilter --   Body: {"salt":"1772839909305","price":"30","quantity":"100","intent":0,"maker":"0x54c7d8B0808357486Ef6bddE7475e06146B3fa90","signer":"0x0d248E2d6cD3E815d64274d5B3F37771588285B6","questionId":"0x0b5e4867f18d734efa40ff8c9144393e0fda072f90d865a2a8b086c02ccbb900","feeRateBps":0,"signatureType":2,"taker":"0x0000000000000000000000000000000000000000","expiration":"0","nonce":"0","priceInCents":false,"timestamp":1772839909,"privateKey":"****"}
05:01:49.314 [main] DEBUG com.pred.apitests.filters.LoggingFilter -- Response: status=200
05:01:49.315 [main] DEBUG com.pred.apitests.filters.LoggingFilter --   Body: {"ok":true,"signature":"0xb3cd31ac16ab80b62f00228c55c306341ee9634359205653c72de283c9d46bbf4f4cddcb0d67b0d6554437f6ca0b23f891db1789822ddb480e1d6dc6ce6dd0fb1b","eoa_address":"0x0d248E2d6cD3E815d64274d5B3F37771588285B6","maker":"0x54c7d8B0808357486Ef6bddE7475e06146B3fa90","signer":"0x0d248E2d6cD3E815d64274d5B3F37771588285B6","signed_message":{"salt":"1772839909305","maker":"0x54c7d8B0808357486Ef6bddE7475e06146B3fa90","signer":"0x0d248E2d6cD3E815d64274d5B3F37771588285B6","taker":"0x00000000000000000...
DEBUG [sign-order] salt=1772839909305 timestamp=1772839909 price=30 quantity=100 questionId=0x0b5e4867f18d734efa40ff8c9144393e0fda072f90d865a2a8b086c02ccbb900
DEBUG [signed_message from sig-server] {salt=1772839909305, maker=0x54c7d8B0808357486Ef6bddE7475e06146B3fa90, signer=0x0d248E2d6cD3E815d64274d5B3F37771588285B6, taker=0x0000000000000000000000000000000000000000, price=300000, quantity=100000000, expiration=0, nonce=0, questionId=0x0b5e4867f18d734efa40ff8c9144393e0fda072f90d865a2a8b086c02ccbb900, feeRateBps=0, intent=0, signatureType=2}
05:01:49.317 [main] DEBUG com.pred.apitests.filters.LoggingFilter -- Request: POST https://uat-frankfurt.pred.app
05:01:49.317 [main] DEBUG com.pred.apitests.filters.LoggingFilter --   Header: Accept: application/json, application/javascript, text/javascript, text/json
05:01:49.317 [main] DEBUG com.pred.apitests.filters.LoggingFilter --   Header: Authorization: ****
05:01:49.317 [main] DEBUG com.pred.apitests.filters.LoggingFilter --   Header: Cookie: refresh_token=eyJhbGciOiJSUzI1NiIsInR5cCI6IkpXVCJ9.eyJ1c2VyX2lkIjoiZTg1Mzc5YmQtMmQxNy00MTQwLTlmNWQtNGFiNjhlYjg0N2RkIiwidG9rZW5fdHlwZSI6InJlZnJlc2giLCJvcmlnaW5hbF9jcmVhdGVkX2F0IjoxNzcyODM5ODkyNzQzLCJsYXRlc3RfYWN0aXZpdHlfYXQiOjE3NzI4Mzk4OTI3NDMsInNlc3Npb25faWQiOiIwMjhkMDU4MC1jMTU4LTQxMWMtYmMwZS0wNGY4OWZhZTMzOGMiLCJyb2xlIjoiTUFSS0VUX01BS0VSIiwiaXNzIjoiaHR0cHM6Ly91YXQtZnJhbmtmdXJ0LnByZWQuYXBwL2F1dGgiLCJzdWIiOiJlODUzNzliZC0yZDE3LTQxNDAtOWY1ZC00YWI2OGViODQ3ZGQiLCJhdWQiOlsiYXV0aCJdLCJleHAiOjE4MDQzNzU4OTIsIm5iZiI6MTc3MjgzOTg5MiwiaWF0IjoxNzcyODM5ODkyfQ.gYz1TdCWohZNtO4QLr9qEfgVuK4e6dvbhb9B9TyBgN2Uh0Fl8sDpzMJJauAVZ9tjL3jOPc1uifDcnF-3qakYrgXaXjTaK1aUvNDUOxBWcgE9PkuLLxWQXaaQd6crmIIAduwJMJ_PdMz81rlj-ny4y8FBg6gjn3gkAdjbceNg_unygOgx3BRfRVbnhATd7jzBcOeLkkdYrpZg8HOH-NaNBfjA7qt9Um8IcO__i5Ejbuwn7dTnSfinFjOTIWkCacISxmxe8jnKHX1tmuOUYNC3TDoHLAUHFaQsKbQIOOK6fY4KY0e2F0kzAEzvUa3uypG5jIpymIpsBsXmsYe-1NwXsw
05:01:49.317 [main] DEBUG com.pred.apitests.filters.LoggingFilter --   Header: X-Wallet-Address: 0x0d248E2d6cD3E815d64274d5B3F37771588285B6
05:01:49.317 [main] DEBUG com.pred.apitests.filters.LoggingFilter --   Header: X-Proxy-Address: 0x54c7d8B0808357486Ef6bddE7475e06146B3fa90
05:01:49.317 [main] DEBUG com.pred.apitests.filters.LoggingFilter --   Header: Content-Type: application/json
05:01:49.318 [main] DEBUG com.pred.apitests.filters.LoggingFilter --   Body: {"salt":"1772839909305","side":"long","price":"30","quantity":"100","amount":"30","signature":"****","type":"limit","timestamp":1772839909,"user_id":"e85379bd-2d17-4140-9f5d-4ab68eb847dd","market_id":"0x0b5e4867f18d734efa40ff8c9144393e0fda072f90d865a2a8b086c02ccbb900","token_id":"0x1234567890abcdef1234567890abcdef12345678","is_low_priority":false,"reduce_only":false,"fee_rate_bps":0}
05:01:49.849 [main] DEBUG com.pred.apitests.filters.LoggingFilter -- Response: status=202
05:01:49.849 [main] DEBUG com.pred.apitests.filters.LoggingFilter --   Body: {"status":"open_order","order_id":"2d3dcedd-7119-4a63-a870-ad202fec9dc6","message":"Order placed successfully","filled_quantity":"0"}
05:01:49.849 [main] INFO com.pred.apitests.listeners.TestListener -- Test passed: placeOrder_withValidSignature_returns202
[WARNING] Tests run: 19, Failures: 0, Errors: 0, Skipped: 2, Time elapsed: 20.47 s -- in TestSuite
[INFO] 
[INFO] Results:
[INFO] 
[WARNING] Tests run: 19, Failures: 0, Errors: 0, Skipped: 2
[INFO] 
[INFO] ------------------------------------------------------------------------
[INFO] BUILD SUCCESS
[INFO] ------------------------------------------------------------------------
[INFO] Total time:  21.057 s
[INFO] Finished at: 2026-03-07T05:01:49+05:30
[INFO] ------------------------------------------------------------------------
